Component: ARM Compiler 5.06 update 7 (build 960) Tool: armlink [4d3601]

==============================================================================

Section Cross References

    startup_stm32f103xb.o(STACK) refers (Special) to heapauxi.o(.text) for __use_two_region_memory
    startup_stm32f103xb.o(HEAP) refers (Special) to heapauxi.o(.text) for __use_two_region_memory
    startup_stm32f103xb.o(RESET) refers (Special) to heapauxi.o(.text) for __use_two_region_memory
    startup_stm32f103xb.o(RESET) refers to startup_stm32f103xb.o(STACK) for __initial_sp
    startup_stm32f103xb.o(RESET) refers to startup_stm32f103xb.o(.text) for Reset_Handler
    startup_stm32f103xb.o(RESET) refers to stm32f1xx_it.o(i.NMI_Handler) for NMI_Handler
    startup_stm32f103xb.o(RESET) refers to stm32f1xx_it.o(i.HardFault_Handler) for HardFault_Handler
    startup_stm32f103xb.o(RESET) refers to stm32f1xx_it.o(i.MemManage_Handler) for MemManage_Handler
    startup_stm32f103xb.o(RESET) refers to stm32f1xx_it.o(i.BusFault_Handler) for BusFault_Handler
    startup_stm32f103xb.o(RESET) refers to stm32f1xx_it.o(i.UsageFault_Handler) for UsageFault_Handler
    startup_stm32f103xb.o(RESET) refers to stm32f1xx_it.o(i.SVC_Handler) for SVC_Handler
    startup_stm32f103xb.o(RESET) refers to stm32f1xx_it.o(i.DebugMon_Handler) for DebugMon_Handler
    startup_stm32f103xb.o(RESET) refers to stm32f1xx_it.o(i.PendSV_Handler) for PendSV_Handler
    startup_stm32f103xb.o(RESET) refers to stm32f1xx_it.o(i.SysTick_Handler) for SysTick_Handler
    startup_stm32f103xb.o(RESET) refers to stm32f1xx_it.o(i.EXTI0_IRQHandler) for EXTI0_IRQHandler
    startup_stm32f103xb.o(.text) refers (Special) to heapauxi.o(.text) for __use_two_region_memory
    startup_stm32f103xb.o(.text) refers to system_stm32f1xx.o(i.SystemInit) for SystemInit
    startup_stm32f103xb.o(.text) refers to __main.o(!!!main) for __main
    startup_stm32f103xb.o(.text) refers to startup_stm32f103xb.o(HEAP) for Heap_Mem
    startup_stm32f103xb.o(.text) refers to startup_stm32f103xb.o(STACK) for Stack_Mem
    main.o(i.HAL_GPIO_EXTI_Callback) refers to main.o(.data) for .data
    main.o(i.SystemClock_Config) refers to rt_memclr_w.o(.text) for __aeabi_memclr4
    main.o(i.SystemClock_Config) refers to stm32f1xx_hal_rcc.o(i.HAL_RCC_OscConfig) for HAL_RCC_OscConfig
    main.o(i.SystemClock_Config) refers to stm32f1xx_hal_rcc.o(i.HAL_RCC_ClockConfig) for HAL_RCC_ClockConfig
    main.o(i.adc1_init) refers to stm32f1xx_hal.o(i.HAL_Delay) for HAL_Delay
    main.o(i.debug_printf) refers to vsnprintf.o(.text) for vsnprintf
    main.o(i.debug_printf) refers to stm32f1xx_hal_uart.o(i.HAL_UART_Transmit) for HAL_UART_Transmit
    main.o(i.debug_printf) refers to usart.o(.bss) for huart1
    main.o(i.flow_pulses_to_cubic_meters) refers to fflt_clz.o(x$fpl$ffltu) for __aeabi_ui2f
    main.o(i.flow_pulses_to_cubic_meters) refers to fdiv.o(x$fpl$fdiv) for __aeabi_fdiv
    main.o(i.hx710_init) refers to stm32f1xx_hal_gpio.o(i.HAL_GPIO_WritePin) for HAL_GPIO_WritePin
    main.o(i.hx710_init) refers to stm32f1xx_hal.o(i.HAL_Delay) for HAL_Delay
    main.o(i.hx710_init) refers to main.o(i.hx710_read_once) for hx710_read_once
    main.o(i.hx710_init) refers to main.o(i.debug_printf) for debug_printf
    main.o(i.hx710_init) refers to stm32f1xx_hal_gpio.o(i.HAL_GPIO_ReadPin) for HAL_GPIO_ReadPin
    main.o(i.hx710_init) refers to main.o(.data) for .data
    main.o(i.hx710_read_once) refers to stm32f1xx_hal.o(i.HAL_GetTick) for HAL_GetTick
    main.o(i.hx710_read_once) refers to stm32f1xx_hal_gpio.o(i.HAL_GPIO_ReadPin) for HAL_GPIO_ReadPin
    main.o(i.hx710_read_once) refers to stm32f1xx_hal_gpio.o(i.HAL_GPIO_WritePin) for HAL_GPIO_WritePin
    main.o(i.hx710_read_once) refers to main.o(i.hx710b_delay_short) for hx710b_delay_short
    main.o(i.lora_poll_and_log) refers to stm32f1xx_hal_gpio.o(i.HAL_GPIO_ReadPin) for HAL_GPIO_ReadPin
    main.o(i.lora_poll_and_log) refers to main.o(i.debug_printf) for debug_printf
    main.o(i.lora_poll_and_log) refers to stm32f1xx_hal_uart.o(i.HAL_UART_Receive) for HAL_UART_Receive
    main.o(i.lora_poll_and_log) refers to main.o(.data) for .data
    main.o(i.lora_poll_and_log) refers to main.o(.bss) for .bss
    main.o(i.lora_poll_and_log) refers to usart.o(.bss) for huart2
    main.o(i.lora_send_packet_line) refers to _printf_percent.o(.ARM.Collect$$_printf_percent$$00000000) for _printf_percent
    main.o(i.lora_send_packet_line) refers to _printf_f.o(.ARM.Collect$$_printf_percent$$00000003) for _printf_f
    main.o(i.lora_send_packet_line) refers to printf1.o(x$fpl$printf1) for _printf_fp_dec
    main.o(i.lora_send_packet_line) refers to f2d.o(x$fpl$f2d) for __aeabi_f2d
    main.o(i.lora_send_packet_line) refers to __2snprintf.o(.text) for __2snprintf
    main.o(i.lora_send_packet_line) refers to stm32f1xx_hal_uart.o(i.HAL_UART_Transmit) for HAL_UART_Transmit
    main.o(i.lora_send_packet_line) refers to main.o(i.debug_printf) for debug_printf
[...]
    .text                                    0x08000c80   Section        0  _printf_longlong_dec.o(.text)
    .text                                    0x08000cfc   Section        0  _printf_oct_int_ll.o(.text)
    _printf_longlong_oct_internal            0x08000cfd   Thumb Code     0  _printf_oct_int_ll.o(.text)
    .text                                    0x08000d6c   Section        0  _printf_hex_int_ll_ptr.o(.text)
    _printf_hex_common                       0x08000d6d   Thumb Code     0  _printf_hex_int_ll_ptr.o(.text)
    .text                                    0x08000e00   Section        8  rt_locale_intlibspace.o(.text)
    .text                                    0x08000e08   Section      138  lludiv10.o(.text)
    .text                                    0x08000e92   Section        0  _printf_intcommon.o(.text)
    .text                                    0x08000f44   Section        0  _printf_fp_hex.o(.text)
    .text                                    0x08001240   Section        0  _printf_fp_infnan.o(.text)
    .text                                    0x080012c0   Section        0  _printf_char.o(.text)
    .text                                    0x080012ec   Section        0  _printf_wchar.o(.text)
    .text                                    0x08001318   Section        0  bigflt0.o(.text)
    .text                                    0x080013fc   Section        0  _wcrtomb.o(.text)
    .text                                    0x0800143c   Section        8  libspace.o(.text)
    .text                                    0x08001444   Section       74  sys_stackheap_outer.o(.text)
    .text                                    0x08001490   Section       16  rt_ctype_table.o(.text)
    .text                                    0x080014a0   Section        0  exit.o(.text)
    .text                                    0x080014b4   Section      128  strcmpv7m.o(.text)
    .text                                    0x08001534   Section        0  sys_exit.o(.text)
    .text                                    0x08001540   Section        2  use_no_semi.o(.text)
    .text                                    0x08001542   Section        0  indicate_semi.o(.text)
    CL$$btod_d2e                             0x08001542   Section       62  btod.o(CL$$btod_d2e)
    CL$$btod_d2e_denorm_low                  0x08001580   Section       70  btod.o(CL$$btod_d2e_denorm_low)
    CL$$btod_d2e_norm_op1                    0x080015c6   Section       96  btod.o(CL$$btod_d2e_norm_op1)
    CL$$btod_div_common                      0x08001626   Section      824  btod.o(CL$$btod_div_common)
    CL$$btod_e2e                             0x0800195e   Section      220  btod.o(CL$$btod_e2e)
    CL$$btod_ediv                            0x08001a3a   Section       42  btod.o(CL$$btod_ediv)
    CL$$btod_emul                            0x08001a64   Section       42  btod.o(CL$$btod_emul)
    CL$$btod_mult_common                     0x08001a8e   Section      580  btod.o(CL$$btod_mult_common)
    i.BusFault_Handler                       0x08001cd2   Section        0  stm32f1xx_it.o(i.BusFault_Handler)
    i.DebugMon_Handler                       0x08001cd4   Section        0  stm32f1xx_it.o(i.DebugMon_Handler)
    i.EXTI0_IRQHandler                       0x08001cd6   Section        0  stm32f1xx_it.o(i.EXTI0_IRQHandler)
    i.Error_Handler                          0x08001cdc   Section        0  main.o(i.Error_Handler)
    i.HAL_Delay                              0x08001ce0   Section        0  stm32f1xx_hal.o(i.HAL_Delay)
    i.HAL_GPIO_EXTI_Callback                 0x08001d04   Section        0  main.o(i.HAL_GPIO_EXTI_Callback)
    i.HAL_GPIO_EXTI_IRQHandler               0x08001d18   Section        0  stm32f1xx_hal_gpio.o(i.HAL_GPIO_EXTI_IRQHandler)
    i.HAL_GPIO_Init                          0x08001d30   Section        0  stm32f1xx_hal_gpio.o(i.HAL_GPIO_Init)
    i.HAL_GPIO_ReadPin                       0x08001f10   Section        0  stm32f1xx_hal_gpio.o(i.HAL_GPIO_ReadPin)
    i.HAL_GPIO_WritePin                      0x08001f1a   Section        0  stm32f1xx_hal_gpio.o(i.HAL_GPIO_WritePin)
    i.HAL_GetTick                            0x08001f24   Section        0  stm32f1xx_hal.o(i.HAL_GetTick)
    i.HAL_I2C_GetError                       0x08001f30   Section        0  stm32f1xx_hal_i2c.o(i.HAL_I2C_GetError)
    i.HAL_I2C_Init                           0x08001f34   Section        0  stm32f1xx_hal_i2c.o(i.HAL_I2C_Init)
    i.HAL_I2C_IsDeviceReady                  0x080020bc   Section        0  stm32f1xx_hal_i2c.o(i.HAL_I2C_IsDeviceReady)
    i.HAL_I2C_Mem_Read                       0x08002228   Section        0  stm32f1xx_hal_i2c.o(i.HAL_I2C_Mem_Read)
    i.HAL_I2C_Mem_Write                      0x08002484   Section        0  stm32f1xx_hal_i2c.o(i.HAL_I2C_Mem_Write)
    i.HAL_I2C_MspInit                        0x080025b4   Section        0  i2c.o(i.HAL_I2C_MspInit)
    i.HAL_IncTick                            0x08002610   Section        0  stm32f1xx_hal.o(i.HAL_IncTick)
    i.HAL_Init                               0x08002620   Section        0  stm32f1xx_hal.o(i.HAL_Init)
    i.HAL_InitTick                           0x08002644   Section        0  stm32f1xx_hal.o(i.HAL_InitTick)
    i.HAL_MspInit                            0x08002684   Section        0  stm32f1xx_hal_msp.o(i.HAL_MspInit)
    i.HAL_NVIC_EnableIRQ                     0x080026c0   Section        0  stm32f1xx_hal_cortex.o(i.HAL_NVIC_EnableIRQ)
    i.HAL_NVIC_SetPriority                   0x080026dc   Section        0  stm32f1xx_hal_cortex.o(i.HAL_NVIC_SetPriority)
    i.HAL_NVIC_SetPriorityGrouping           0x0800271c   Section        0  stm32f1xx_hal_cortex.o(i.HAL_NVIC_SetPriorityGrouping)
    i.HAL_RCC_ClockConfig                    0x08002740   Section        0  stm32f1xx_hal_rcc.o(i.HAL_RCC_ClockConfig)
    i.HAL_RCC_GetPCLK1Freq                   0x0800286c   Section        0  stm32f1xx_hal_rcc.o(i.HAL_RCC_GetPCLK1Freq)
    i.HAL_RCC_GetPCLK2Freq                   0x0800288c   Section        0  stm32f1xx_hal_rcc.o(i.HAL_RCC_GetPCLK2Freq)
    i.HAL_RCC_GetSysClockFreq                0x080028ac   Section        0  stm32f1xx_hal_rcc.o(i.HAL_RCC_GetSysClockFreq)
    i.HAL_RCC_OscConfig                      0x080028f8   Section        0  stm32f1xx_hal_rcc.o(i.HAL_RCC_OscConfig)
    i.HAL_SYSTICK_Config                     0x08002c18   Section        0  stm32f1xx_hal_cortex.o(i.HAL_SYSTICK_Config)
    i.HAL_UART_Init                          0x08002c40   Section        0  stm32f1xx_hal_uart.o(i.HAL_UART_Init)
    i.HAL_UART_MspInit                       0x08002ca4   Section        0  usart.o(i.HAL_UART_MspInit)
    i.HAL_UART_Receive                       0x08002d50   Section        0  stm32f1xx_hal_uart.o(i.HAL_UART_Receive)
    i.HAL_UART_Transmit                      0x08002e00   Section        0  stm32f1xx_hal_uart.o(i.HAL_UART_Transmit)
    i.HardFault_Handler                      0x08002ea0   Section        0  stm32f1xx_it.o(i.HardFault_Handler)
    i.I2C_IsAcknowledgeFailed                0x08002ea2   Section        0  stm32f1xx_hal_i2c.o(i.I2C_IsAcknowledgeFailed)
    I2C_IsAcknowledgeFailed                  0x08002ea3   Thumb Code    46  stm32f1xx_hal_i2c.o(i.I2C_IsAcknowledgeFailed)
    i.I2C_RequestMemoryRead                  0x08002ed0   Section        0  stm32f1xx_hal_i2c.o(i.I2C_RequestMemoryRead)
    I2C_RequestMemoryRead                    0x08002ed1   Thumb Code   246  stm32f1xx_hal_i2c.o(i.I2C_RequestMemoryRead)
    i.I2C_RequestMemoryWrite                 0x08002fcc   Section        0  stm32f1xx_hal_i2c.o(i.I2C_RequestMemoryWrite)
    I2C_RequestMemoryWrite                   0x08002fcd   Thumb Code   162  stm32f1xx_hal_i2c.o(i.I2C_RequestMemoryWrite)
    i.I2C_WaitOnBTFFlagUntilTimeout          0x08003074   Section        0  stm32f1xx_hal_i2c.o(i.I2C_WaitOnBTFFlagUntilTimeout)
    I2C_WaitOnBTFFlagUntilTimeout            0x08003075   Thumb Code    86  stm32f1xx_hal_i2c.o(i.I2C_WaitOnBTFFlagUntilTimeout)
    i.I2C_WaitOnFlagUntilTimeout             0x080030cc   Section        0  stm32f1xx_hal_i2c.o(i.I2C_WaitOnFlagUntilTimeout)
    I2C_WaitOnFlagUntilTimeout               0x080030cd   Thumb Code   144  stm32f1xx_hal_i2c.o(i.I2C_WaitOnFlagUntilTimeout)
    i.I2C_WaitOnMasterAddressFlagUntilTimeout 0x0800315c   Section        0  stm32f1xx_hal_i2c.o(i.I2C_WaitOnMasterAddressFlagUntilTimeout)
    I2C_WaitOnMasterAddressFlagUntilTimeout  0x0800315d   Thumb Code   188  stm32f1xx_hal_i2c.o(i.I2C_WaitOnMasterAddressFlagUntilTimeout)
    i.I2C_WaitOnRXNEFlagUntilTimeout         0x08003218   Section        0  stm32f1xx_hal_i2c.o(i.I2C_WaitOnRXNEFlagUntilTimeout)
    I2C_WaitOnRXNEFlagUntilTimeout           0x08003219   Thumb Code   112  stm32f1xx_hal_i2c.o(i.I2C_WaitOnRXNEFlagUntilTimeout)
    i.I2C_WaitOnTXEFlagUntilTimeout          0x08003288   Section        0  stm32f1xx_hal_i2c.o(i.I2C_WaitOnTXEFlagUntilTimeout)
    I2C_WaitOnTXEFlagUntilTimeout            0x08003289   Thumb Code    86  stm32f1xx_hal_i2c.o(i.I2C_WaitOnTXEFlagUntilTimeout)
    i.MX_GPIO_Init                           0x080032e0   Section        0  gpio.o(i.MX_GPIO_Init)
    i.MX_I2C1_Init                           0x080033b0   Section        0  i2c.o(i.MX_I2C1_Init)
    i.MX_USART1_UART_Init                    0x080033f0   Section        0  usart.o(i.MX_USART1_UART_Init)
    i.MX_USART2_UART_Init                    0x08003428   Section        0  usart.o(i.MX_USART2_UART_Init)
    i.MemManage_Handler                      0x08003460   Section        0  stm32f1xx_it.o(i.MemManage_Handler)
    i.NMI_Handler                            0x08003462   Section        0  stm32f1xx_it.o(i.NMI_Handler)
    i.PendSV_Handler                         0x08003464   Section        0  stm32f1xx_it.o(i.PendSV_Handler)
    i.SVC_Handler                            0x08003466   Section        0  stm32f1xx_it.o(i.SVC_Handler)
    i.SysTick_Handler                        0x08003468   Section        0  stm32f1xx_it.o(i.SysTick_Handler)
    i.SystemClock_Config                     0x0800346c   Section        0  main.o(i.SystemClock_Config)
    i.SystemInit                             0x080034ca   Section        0  system_stm32f1xx.o(i.SystemInit)
    i.UART_EndRxTransfer                     0x080034cc   Section        0  stm32f1xx_hal_uart.o(i.UART_EndRxTransfer)
    UART_EndRxTransfer                       0x080034cd   Thumb Code    78  stm32f1xx_hal_uart.o(i.UART_EndRxTransfer)
    i.UART_SetConfig                         0x0800351c   Section        0  stm32f1xx_hal_uart.o(i.UART_SetConfig)
    UART_SetConfig                           0x0800351d   Thumb Code   178  stm32f1xx_hal_uart.o(i.UART_SetConfig)
    i.UART_WaitOnFlagUntilTimeout            0x080035d4   Section        0  stm32f1xx_hal_uart.o(i.UART_WaitOnFlagUntilTimeout)
    UART_WaitOnFlagUntilTimeout              0x080035d5   Thumb Code   114  stm32f1xx_hal_uart.o(i.UART_WaitOnFlagUntilTimeout)
    i.UsageFault_Handler                     0x08003646   Section        0  stm32f1xx_it.o(i.UsageFault_Handler)
    i.__ARM_fpclassify                       0x08003648   Section        0  fpclassify.o(i.__ARM_fpclassify)
    i.__NVIC_SetPriority                     0x08003670   Section        0  stm32f1xx_hal_cortex.o(i.__NVIC_SetPriority)
    __NVIC_SetPriority                       0x08003671   Thumb Code    32  stm32f1xx_hal_cortex.o(i.__NVIC_SetPriority)
    i._is_digit                              0x08003690   Section        0  __printf_wp.o(i._is_digit)
    i.adc1_init                              0x080036a0   Section        0  main.o(i.adc1_init)
    adc1_init                                0x080036a1   Thumb Code    94  main.o(i.adc1_init)
    i.clamp_to_i16                           0x08003708   Section        0  main.o(i.clamp_to_i16)
    clamp_to_i16                             0x08003709   Thumb Code    26  main.o(i.clamp_to_i16)
    i.debug_printf                           0x08003728   Section        0  main.o(i.debug_printf)
    debug_printf                             0x08003729   Thumb Code    48  main.o(i.debug_printf)
    i.flow_pulses_to_cubic_meters            0x0800375c   Section        0  main.o(i.flow_pulses_to_cubic_meters)
    flow_pulses_to_cubic_meters              0x0800375d   Thumb Code    22  main.o(i.flow_pulses_to_cubic_meters)
    i.hx710_init                             0x0800377c   Section        0  main.o(i.hx710_init)
    hx710_init                               0x0800377d   Thumb Code   110  main.o(i.hx710_init)
    i.hx710_read_once                        0x08003854   Section        0  main.o(i.hx710_read_once)
    hx710_read_once                          0x08003855   Thumb Code   164  main.o(i.hx710_read_once)
    i.hx710b_delay_short                     0x080038fc   Section        0  main.o(i.hx710b_delay_short)
    hx710b_delay_short                       0x080038fd   Thumb Code    18  main.o(i.hx710b_delay_short)
    i.lora_poll_and_log                      0x08003910   Section        0  main.o(i.lora_poll_and_log)
    lora_poll_and_log                        0x08003911   Thumb Code   106  main.o(i.lora_poll_and_log)
    i.lora_send_packet_line                  0x080039cc   Section        0  main.o(i.lora_send_packet_line)
    lora_send_packet_line                    0x080039cd   Thumb Code   162  main.o(i.lora_send_packet_line)
    i.main                                   0x08003a88   Section        0  main.o(i.main)
    i.mpu6050_init                           0x08003e44   Section        0  main.o(i.mpu6050_init)
    mpu6050_init                             0x08003e45   Thumb Code   140  main.o(i.mpu6050_init)
    i.mpu6050_read_bytes                     0x08003edc   Section        0  main.o(i.mpu6050_read_bytes)
    mpu6050_read_bytes                       0x08003edd   Thumb Code    36  main.o(i.mpu6050_read_bytes)
    i.mpu6050_read_data                      0x08003f08   Section        0  main.o(i.mpu6050_read_data)
    mpu6050_read_data                        0x08003f09   Thumb Code    94  main.o(i.mpu6050_read_data)
    i.pressure_read_raw                      0x08003f6c   Section        0  main.o(i.pressure_read_raw)
    pressure_read_raw                        0x08003f6d   Thumb Code   104  main.o(i.pressure_read_raw)
    i.tds_voltage_to_ppm                     0x08003fd8   Section        0  main.o(i.tds_voltage_to_ppm)
    tds_voltage_to_ppm                       0x08003fd9   Thumb Code   106  main.o(i.tds_voltage_to_ppm)
    locale$$code                             0x08004058   Section       44  lc_numeric_c.o(locale$$code)
    locale$$code                             0x08004084   Section       44  lc_ctype_c.o(locale$$code)
    x$fpl$dretinf                            0x080040b0   Section       12  dretinf.o(x$fpl$dretinf)
    x$fpl$f2d                                0x080040bc   Section       86  f2d.o(x$fpl$f2d)
    x$fpl$fadd                               0x08004114   Section      196  faddsub_clz.o(x$fpl$fadd)
    _fadd1                                   0x08004123   Thumb Code     0  faddsub_clz.o(x$fpl$fadd)
    x$fpl$fcheck1                            0x080041d8   Section       12  fcheck1.o(x$fpl$fcheck1)
    x$fpl$fdiv                               0x080041e4   Section      388  fdiv.o(x$fpl$fdiv)
    _fdiv1                                   0x080041e5   Thumb Code     0  fdiv.o(x$fpl$fdiv)
    x$fpl$fflt                               0x08004368   Section       48  fflt_clz.o(x$fpl$fflt)
    x$fpl$ffltu                              0x08004398   Section       38  fflt_clz.o(x$fpl$ffltu)
    x$fpl$fmul                               0x080043c0   Section      258  fmul.o(x$fpl$fmul)
    x$fpl$fnaninf                            0x080044c2   Section      140  fnaninf.o(x$fpl$fnaninf)
    x$fpl$fretinf                            0x0800454e   Section       10  fretinf.o(x$fpl$fretinf)
    x$fpl$fsub                               0x08004558   Section      234  faddsub_clz.o(x$fpl$fsub)
    _fsub1                                   0x08004567   Thumb Code     0  faddsub_clz.o(x$fpl$fsub)
    x$fpl$printf1                            0x08004642   Section        4  printf1.o(x$fpl$printf1)
    x$fpl$printf2                            0x08004646   Section        4  printf2.o(x$fpl$printf2)
    x$fpl$retnan                             0x0800464a   Section      100  retnan.o(x$fpl$retnan)
    x$fpl$scalbnf                            0x080046ae   Section       76  scalbnf.o(x$fpl$scalbnf)
    x$fpl$trapveneer                         0x080046fa   Section       48  trapv.o(x$fpl$trapveneer)
    x$fpl$usenofp                            0x0800472a   Section        0  usenofp.o(x$fpl$usenofp)
    .constdata                               0x0800472c   Section        4  main.o(.constdata)
    .constdata                               0x08004730   Section       18  stm32f1xx_hal_rcc.o(.constdata)
    aPredivFactorTable                       0x08004730   Data           2  stm32f1xx_hal_rcc.o(.constdata)
    aPLLMULFactorTable                       0x08004732   Data          16  stm32f1xx_hal_rcc.o(.constdata)
    .constdata                               0x08004742   Section       16  system_stm32f1xx.o(.constdata)
    .constdata                               0x08004752   Section        8  system_stm32f1xx.o(.constdata)
    .constdata                               0x0800475a   Section       17  __printf_flags_ss_wp.o(.constdata)
    maptable                                 0x0800475a   Data          17  __printf_flags_ss_wp.o(.constdata)
    .constdata                               0x0800476c   Section        8  _printf_wctomb.o(.constdata)
    initial_mbstate                          0x0800476c   Data           8  _printf_wctomb.o(.constdata)
    .constdata                               0x08004774   Section       40  _printf_hex_int_ll_ptr.o(.constdata)
    uc_hextab                                0x08004774   Data          20  _printf_hex_int_ll_ptr.o(.constdata)
    lc_hextab                                0x08004788   Data          20  _printf_hex_int_ll_ptr.o(.constdata)
    .constdata                               0x0800479c   Section       38  _printf_fp_hex.o(.constdata)
    lc_hextab                                0x0800479c   Data          19  _printf_fp_hex.o(.constdata)
    uc_hextab                                0x080047af   Data          19  _printf_fp_hex.o(.constdata)
    .constdata                               0x080047c4   Section      148  bigflt0.o(.constdata)
    tenpwrs_x                                0x080047c4   Data          60  bigflt0.o(.constdata)
    tenpwrs_i                                0x08004800   Data          64  bigflt0.o(.constdata)
    .conststring                             0x08004858   Section      336  main.o(.conststring)
    locale$$data                             0x080049c8   Section       28  lc_numeric_c.o(locale$$data)
    __lcnum_c_name                           0x080049cc   Data           2  lc_numeric_c.o(locale$$data)
    __lcnum_c_start                          0x080049d4   Data           0  lc_numeric_c.o(locale$$data)
    __lcnum_c_point                          0x080049e0   Data           0  lc_numeric_c.o(locale$$data)
    __lcnum_c_thousands                      0x080049e2   Data           0  lc_numeric_c.o(locale$$data)
    __lcnum_c_grouping                       0x080049e3   Data           0  lc_numeric_c.o(locale$$data)
    locale$$data                             0x080049e4   Section      272  lc_ctype_c.o(locale$$data)
    __lcnum_c_end                            0x080049e4   Data           0  lc_numeric_c.o(locale$$data)
    __lcctype_c_name                         0x080049e8   Data           2  lc_ctype_c.o(locale$$data)
    __lcctype_c_start                        0x080049f0   Data           0  lc_ctype_c.o(locale$$data)
    __lcctype_c_end                          0x08004af4   Data           0  lc_ctype_c.o(locale$$data)
    .data                                    0x20000000   Section       32  main.o(.data)
    s_mpu6050_online                         0x20000000   Data           1  main.o(.data)
    s_mpu6050_who_am_i                       0x20000001   Data           1  main.o(.data)
    s_hx710_initialized                      0x20000002   Data           1  main.o(.data)
    s_lora_line_len                          0x20000003   Data           1  main.o(.data)
    s_mpu6050_addr                           0x20000004   Data           2  main.o(.data)
    s_mpu6050_last_error                     0x20000008   Data           4  main.o(.data)
    s_flow_pulse_count                       0x2000000c   Data           4  main.o(.data)
    s_flow_last_sample_pulse_count           0x20000010   Data           4  main.o(.data)
    s_total_flow_m3                          0x20000014   Data           4  main.o(.data)
    s_instant_flow_m3s                       0x20000018   Data           4  main.o(.data)
    last_print_tick                          0x2000001c   Data           4  main.o(.data)
    .data                                    0x20000020   Section       12  stm32f1xx_hal.o(.data)
    .data                                    0x2000002c   Section        4  system_stm32f1xx.o(.data)
    .bss                                     0x20000030   Section       64  main.o(.bss)
    s_lora_line                              0x20000030   Data          64  main.o(.bss)
    .bss                                     0x20000070   Section       84  i2c.o(.bss)
    .bss                                     0x200000c4   Section      144  usart.o(.bss)
    .bss                                     0x20000154   Section       96  libspace.o(.bss)
    HEAP                                     0x200001b8   Section      512  startup_stm32f103xb.o(HEAP)
    Heap_Mem                                 0x200001b8   Data         512  startup_stm32f103xb.o(HEAP)
    STACK                                    0x200003b8   Section     1024  startup_stm32f103xb.o(STACK)
    Stack_Mem                                0x200003b8   Data        1024  startup_stm32f103xb.o(STACK)
    __initial_sp                             0x200007b8   Data           0  startup_stm32f103xb.o(STACK)

    Global Symbols

    Symbol Name                              Value     Ov Type        Size  Object(Section)

    BuildAttributes$$THM_ISAv4$P$D$K$B$S$PE$A:L22UL41UL21$X:L11$S22US41US21$IEEE1$IW$USESV6$~STKCKD$USESV7$~SHL$OTIME$ROPI$IEEEJ$EBA8$UX$STANDARDLIB$REQ8$PRES8$EABIv2 0x00000000   Number         0  anon$$obj.o ABSOLUTE
    __ARM_use_no_argv                        0x00000000   Number         0  main.o ABSOLUTE
    _printf_flags                            0x00000000   Number         0  printf_stubs.o ABSOLUTE
    _printf_return_value                     0x00000000   Number         0  printf_stubs.o ABSOLUTE
    _printf_sizespec                         0x00000000   Number         0  printf_stubs.o ABSOLUTE
    _printf_widthprec                        0x00000000   Number         0  printf_stubs.o ABSOLUTE
    __ARM_exceptions_init                     - Undefined Weak Reference
    __alloca_initialize                       - Undefined Weak Reference
    __arm_fini_                               - Undefined Weak Reference
    __arm_preinit_                            - Undefined Weak Reference
    __cpp_initialize__aeabi_                  - Undefined Weak Reference
    __cxa_finalize                            - Undefined Weak Reference
    __sigvec_lookup                           - Undefined Weak Reference
    _atexit_init                              - Undefined Weak Reference
    _call_atexit_fns                          - Undefined Weak Reference
    _clock_init                               - Undefined Weak Reference
    _fp_trap_init                             - Undefined Weak Reference
    _fp_trap_shutdown                         - Undefined Weak Reference
    _get_lc_collate                           - Undefined Weak Reference
    _get_lc_monetary                          - Undefined Weak Reference
    _get_lc_time                              - Undefined Weak Reference
    _getenv_init                              - Undefined Weak Reference
    _handle_redirection                       - Undefined Weak Reference
    _init_alloc                               - Undefined Weak Reference
    _init_user_alloc                          - Undefined Weak Reference
    _initio                                   - Undefined Weak Reference
    _printf_mbtowc                            - Undefined Weak Reference
    _printf_wc                                - Undefined Weak Reference
    _rand_init                                - Undefined Weak Reference
    _signal_finish                            - Undefined Weak Reference
    _signal_init                              - Undefined Weak Reference
    _terminate_alloc                          - Undefined Weak Reference
    _terminate_user_alloc                     - Undefined Weak Reference
    _terminateio                              - Undefined Weak Reference
    __Vectors_Size                           0x000000ec   Number         0  startup_stm32f103xb.o ABSOLUTE
    __Vectors                                0x08000000   Data           4  startup_stm32f103xb.o(RESET)
    __Vectors_End                            0x080000ec   Data           0  startup_stm32f103xb.o(RESET)
    __main                                   0x080000ed   Thumb Code     8  __main.o(!!!main)
    __scatterload                            0x080000f5   Thumb Code     0  __scatter.o(!!!scatter)
    __scatterload_rt2                        0x080000f5   Thumb Code    44  __scatter.o(!!!scatter)
    __scatterload_rt2_thumb_only             0x080000f5   Thumb Code     0  __scatter.o(!!!scatter)
    __scatterload_null                       0x08000103   Thumb Code     0  __scatter.o(!!!scatter)
    __scatterload_copy                       0x08000129   Thumb Code    26  __scatter_copy.o(!!handler_copy)
    __scatterload_zeroinit                   0x08000145   Thumb Code    28  __scatter_zi.o(!!handler_zi)
    _printf_n                                0x08000161   Thumb Code     0  _printf_n.o(.ARM.Collect$$_printf_percent$$00000001)
    _printf_percent                          0x08000161   Thumb Code     0  _printf_percent.o(.ARM.Collect$$_printf_percent$$00000000)
    _printf_p                                0x08000167   Thumb Code     0  _printf_p.o(.ARM.Collect$$_printf_percent$$00000002)
    _printf_f                                0x0800016d   Thumb Code     0  _printf_f.o(.ARM.Collect$$_printf_percent$$00000003)
    _printf_e                                0x08000173   Thumb Code     0  _printf_e.o(.ARM.Collect$$_printf_percent$$00000004)
    _printf_g                                0x08000179   Thumb Code     0  _printf_g.o(.ARM.Collect$$_printf_percent$$00000005)
    _printf_a                                0x0800017f   Thumb Code     0  _printf_a.o(.ARM.Collect$$_printf_percent$$00000006)
    _printf_ll                               0x08000185   Thumb Code     0  _printf_ll.o(.ARM.Collect$$_printf_percent$$00000007)
    _printf_i                                0x0800018f   Thumb Code     0  _printf_i.o(.ARM.Collect$$_printf_percent$$00000008)
    _printf_d                                0x08000195   Thumb Code     0  _printf_d.o(.ARM.Collect$$_printf_percent$$00000009)
    _printf_u                                0x0800019b   Thumb Code     0  _printf_u.o(.ARM.Collect$$_printf_percent$$0000000A)
    _printf_o                                0x080001a1   Thumb Code     0  _printf_o.o(.ARM.Collect$$_printf_percent$$0000000B)
    _printf_x                                0x080001a7   Thumb Code     0  _printf_x.o(.ARM.Collect$$_printf_percent$$0000000C)
    _printf_lli                              0x080001ad   Thumb Code     0  _printf_lli.o(.ARM.Collect$$_printf_percent$$0000000D)
    _printf_lld                              0x080001b3   Thumb Code     0  _printf_lld.o(.ARM.Collect$$_printf_percent$$0000000E)
    _printf_llu                              0x080001b9   Thumb Code     0  _printf_llu.o(.ARM.Collect$$_printf_percent$$0000000F)
    _printf_llo                              0x080001bf   Thumb Code     0  _printf_llo.o(.ARM.Collect$$_printf_percent$$00000010)
    _printf_llx                              0x080001c5   Thumb Code     0  _printf_llx.o(.ARM.Collect$$_printf_percent$$00000011)
    _printf_l                                0x080001cb   Thumb Code     0  _printf_l.o(.ARM.Collect$$_printf_percent$$00000012)
    _printf_c                                0x080001d5   Thumb Code     0  _printf_c.o(.ARM.Collect$$_printf_percent$$00000013)
    _printf_s                                0x080001db   Thumb Code     0  _printf_s.o(.ARM.Collect$$_printf_percent$$00000014)
    _printf_lc                               0x080001e1   Thumb Code     0  _printf_lc.o(.ARM.Collect$$_printf_percent$$00000015)
    _printf_ls                               0x080001e7   Thumb Code     0  _printf_ls.o(.ARM.Collect$$_printf_percent$$00000016)
    _printf_percent_end                      0x080001ed   Thumb Code     0  _printf_percent_end.o(.ARM.Collect$$_printf_percent$$00000017)
    __rt_lib_init                            0x080001f1   Thumb Code     0  libinit.o(.ARM.Collect$$libinit$$00000000)
    __rt_lib_init_fp_1                       0x080001f3   Thumb Code     0  libinit2.o(.ARM.Collect$$libinit$$00000002)
    __rt_lib_init_heap_1                     0x080001f3   Thumb Code     0  libinit2.o(.ARM.Collect$$libinit$$0000000A)
    __rt_lib_init_lc_common                  0x080001f3   Thumb Code     0  libinit2.o(.ARM.Collect$$libinit$$0000000F)
    __rt_lib_init_preinit_1                  0x080001f3   Thumb Code     0  libinit2.o(.ARM.Collect$$libinit$$00000004)
    __rt_lib_init_rand_1                     0x080001f3   Thumb Code     0  libinit2.o(.ARM.Collect$$libinit$$0000000E)
    __rt_lib_init_user_alloc_1               0x080001f3   Thumb Code     0  libinit2.o(.ARM.Collect$$libinit$$0000000C)
    __rt_lib_init_lc_collate_1               0x080001f9   Thumb Code     0  libinit2.o(.ARM.Collect$$libinit$$00000011)
    __rt_lib_init_lc_ctype_2                 0x080001f9   Thumb Code     0  libinit2.o(.ARM.Collect$$libinit$$00000012)
    __rt_lib_init_lc_ctype_1                 0x08000205   Thumb Code     0  libinit2.o(.ARM.Collect$$libinit$$00000013)
    __rt_lib_init_lc_monetary_1              0x08000205   Thumb Code     0  libinit2.o(.ARM.Collect$$libinit$$00000015)
    __rt_lib_init_lc_numeric_2               0x08000205   Thumb Code     0  libinit2.o(.ARM.Collect$$libinit$$00000016)
    __rt_lib_init_alloca_1                   0x0800020f   Thumb Code     0  libinit2.o(.ARM.Collect$$libinit$$0000002E)
    __rt_lib_init_argv_1                     0x0800020f   Thumb Code     0  libinit2.o(.ARM.Collect$$libinit$$0000002C)
    __rt_lib_init_atexit_1                   0x0800020f   Thumb Code     0  libinit2.o(.ARM.Collect$$libinit$$0000001B)
    __rt_lib_init_clock_1                    0x0800020f   Thumb Code     0  libinit2.o(.ARM.Collect$$libinit$$00000021)
    __rt_lib_init_cpp_1                      0x0800020f   Thumb Code     0  libinit2.o(.ARM.Collect$$libinit$$00000032)
    __rt_lib_init_exceptions_1               0x0800020f   Thumb Code     0  libinit2.o(.ARM.Collect$$libinit$$00000030)
    __rt_lib_init_fp_trap_1                  0x0800020f   Thumb Code     0  libinit2.o(.ARM.Collect$$libinit$$0000001F)
    __rt_lib_init_getenv_1                   0x0800020f   Thumb Code     0  libinit2.o(.ARM.Collect$$libinit$$00000023)
    __rt_lib_init_lc_numeric_1               0x0800020f   Thumb Code     0  libinit2.o(.ARM.Collect$$libinit$$00000017)
    __rt_lib_init_lc_time_1                  0x0800020f   Thumb Code     0  libinit2.o(.ARM.Collect$$libinit$$00000019)
    __rt_lib_init_return                     0x0800020f   Thumb Code     0  libinit2.o(.ARM.Collect$$libinit$$00000033)
    __rt_lib_init_signal_1                   0x0800020f   Thumb Code     0  libinit2.o(.ARM.Collect$$libinit$$0000001D)
    __rt_lib_init_stdio_1                    0x0800020f   Thumb Code     0  libinit2.o(.ARM.Collect$$libinit$$00000025)
    __rt_lib_shutdown                        0x08000211   Thumb Code     0  libshutdown.o(.ARM.Collect$$libshutdown$$00000000)
    __rt_lib_shutdown_cpp_1                  0x08000213   Thumb Code     0  libshutdown2.o(.ARM.Collect$$libshutdown$$00000004)
    __rt_lib_shutdown_fini_1                 0x08000213   Thumb Code     0  libshutdown2.o(.ARM.Collect$$libshutdown$$00000002)
    __rt_lib_shutdown_fp_trap_1              0x08000213   Thumb Code     0  libshutdown2.o(.ARM.Collect$$libshutdown$$00000009)
    __rt_lib_shutdown_heap_1                 0x08000213   Thumb Code     0  libshutdown2.o(.ARM.Collect$$libshutdown$$00000011)
    __rt_lib_shutdown_return                 0x08000213   Thumb Code     0  libshutdown2.o(.ARM.Collect$$libshutdown$$00000012)
    __rt_lib_shutdown_signal_1               0x08000213   Thumb Code     0  libshutdown2.o(.ARM.Collect$$libshutdown$$0000000C)
    __rt_lib_shutdown_stdio_1                0x08000213   Thumb Code     0  libshutdown2.o(.ARM.Collect$$libshutdown$$00000006)
    __rt_lib_shutdown_user_alloc_1           0x08000213   Thumb Code     0  libshutdown2.o(.ARM.Collect$$libshutdown$$0000000E)
    __rt_entry                               0x08000215   Thumb Code     0  __rtentry.o(.ARM.Collect$$rtentry$$00000000)
    __rt_entry_presh_1                       0x08000215   Thumb Code     0  __rtentry2.o(.ARM.Collect$$rtentry$$00000002)
    __rt_entry_sh                            0x08000215   Thumb Code     0  __rtentry4.o(.ARM.Collect$$rtentry$$00000004)
    __rt_entry_li                            0x0800021b   Thumb Code     0  __rtentry2.o(.ARM.Collect$$rtentry$$0000000A)
    __rt_entry_postsh_1                      0x0800021b   Thumb Code     0  __rtentry2.o(.ARM.Collect$$rtentry$$00000009)
    __rt_entry_main                          0x0800021f   Thumb Code     0  __rtentry2.o(.ARM.Collect$$rtentry$$0000000D)
    __rt_entry_postli_1                      0x0800021f   Thumb Code     0  __rtentry2.o(.ARM.Collect$$rtentry$$0000000C)
    __rt_exit                                0x08000227   Thumb Code     0  rtexit.o(.ARM.Collect$$rtexit$$00000000)
    __rt_exit_ls                             0x08000229   Thumb Code     0  rtexit2.o(.ARM.Collect$$rtexit$$00000003)
    __rt_exit_prels_1                        0x08000229   Thumb Code     0  rtexit2.o(.ARM.Collect$$rtexit$$00000002)
    __rt_exit_exit                           0x0800022d   Thumb Code     0  rtexit2.o(.ARM.Collect$$rtexit$$00000004)
    Reset_Handler                            0x08000235   Thumb Code     8  startup_stm32f103xb.o(.text)
    ADC1_2_IRQHandler                        0x0800024f   Thumb Code     0  startup_stm32f103xb.o(.text)
    CAN1_RX1_IRQHandler                      0x0800024f   Thumb Code     0  startup_stm32f103xb.o(.text)
    CAN1_SCE_IRQHandler                      0x0800024f   Thumb Code     0  startup_stm32f103xb.o(.text)
    DMA1_Channel1_IRQHandler                 0x0800024f   Thumb Code     0  startup_stm32f103xb.o(.text)
    DMA1_Channel2_IRQHandler                 0x0800024f   Thumb Code     0  startup_stm32f103xb.o(.text)
    DMA1_Channel3_IRQHandler                 0x0800024f   Thumb Code     0  startup_stm32f103xb.o(.text)
    DMA1_Channel4_IRQHandler                 0x0800024f   Thumb Code     0  startup_stm32f103xb.o(.text)
    DMA1_Channel5_IRQHandler                 0x0800024f   Thumb Code     0  startup_stm32f103xb.o(.text)
    DMA1_Channel6_IRQHandler                 0x0800024f   Thumb Code     0  startup_stm32f103xb.o(.text)
    DMA1_Channel7_IRQHandler                 0x0800024f   Thumb Code     0  startup_stm32f103xb.o(.text)
    EXTI15_10_IRQHandler                     0x0800024f   Thumb Code     0  startup_stm32f103xb.o(.text)
    EXTI1_IRQHandler                         0x0800024f   Thumb Code     0  startup_stm32f103xb.o(.text)
    EXTI2_IRQHandler                         0x0800024f   Thumb Code     0  startup_stm32f103xb.o(.text)
    EXTI3_IRQHandler                         0x0800024f   Thumb Code     0  startup_stm32f103xb.o(.text)
    EXTI4_IRQHandler                         0x0800024f   Thumb Code     0  startup_stm32f103xb.o(.text)
    EXTI9_5_IRQHandler                       0x0800024f   Thumb Code     0  startup_stm32f103xb.o(.text)
    FLASH_IRQHandler                         0x0800024f   Thumb Code     0  startup_stm32f103xb.o(.text)
    I2C1_ER_IRQHandler                       0x0800024f   Thumb Code     0  startup_stm32f103xb.o(.text)
    I2C1_EV_IRQHandler                       0x0800024f   Thumb Code     0  startup_stm32f103xb.o(.text)
    I2C2_ER_IRQHandler                       0x0800024f   Thumb Code     0  startup_stm32f103xb.o(.text)
    I2C2_EV_IRQHandler                       0x0800024f   Thumb Code     0  startup_stm32f103xb.o(.text)
    PVD_IRQHandler                           0x0800024f   Thumb Code     0  startup_stm32f103xb.o(.text)
    RCC_IRQHandler                           0x0800024f   Thumb Code     0  startup_stm32f103xb.o(.text)
    RTC_Alarm_IRQHandler                     0x0800024f   Thumb Code     0  startup_stm32f103xb.o(.text)
    RTC_IRQHandler                           0x0800024f   Thumb Code     0  startup_stm32f103xb.o(.text)
    SPI1_IRQHandler                          0x0800024f   Thumb Code     0  startup_stm32f103xb.o(.text)
    SPI2_IRQHandler                          0x0800024f   Thumb Code     0  startup_stm32f103xb.o(.text)
    TAMPER_IRQHandler                        0x0800024f   Thumb Code     0  startup_stm32f103xb.o(.text)
    TIM1_BRK_IRQHandler                      0x0800024f   Thumb Code     0  startup_stm32f103xb.o(.text)
    TIM1_CC_IRQHandler                       0x0800024f   Thumb Code     0  startup_stm32f103xb.o(.text)
    TIM1_TRG_COM_IRQHandler                  0x0800024f   Thumb Code     0  startup_stm32f103xb.o(.text)
    TIM1_UP_IRQHandler                       0x0800024f   Thumb Code     0  startup_stm32f103xb.o(.text)
    TIM2_IRQHandler                          0x0800024f   Thumb Code     0  startup_stm32f103xb.o(.text)
    TIM3_IRQHandler                          0x0800024f   Thumb Code     0  startup_stm32f103xb.o(.text)
    TIM4_IRQHandler                          0x0800024f   Thumb Code     0  startup_stm32f103xb.o(.text)
    USART1_IRQHandler                        0x0800024f   Thumb Code     0  startup_stm32f103xb.o(.text)
    USART2_IRQHandler                        0x0800024f   Thumb Code     0  startup_stm32f103xb.o(.text)
    USART3_IRQHandler                        0x0800024f   Thumb Code     0  startup_stm32f103xb.o(.text)
    USBWakeUp_IRQHandler                     0x0800024f   Thumb Code     0  startup_stm32f103xb.o(.text)
    USB_HP_CAN1_TX_IRQHandler                0x0800024f   Thumb Code     0  startup_stm32f103xb.o(.text)
    USB_LP_CAN1_RX0_IRQHandler               0x0800024f   Thumb Code     0  startup_stm32f103xb.o(.text)
    WWDG_IRQHandler                          0x0800024f   Thumb Code     0  startup_stm32f103xb.o(.text)
    __user_initial_stackheap                 0x08000251   Thumb Code     0  startup_stm32f103xb.o(.text)
    __aeabi_ldivmod                          0x08000275   Thumb Code     0  llsdiv.o(.text)
    _ll_sdiv                                 0x08000275   Thumb Code    72  llsdiv.o(.text)
    vsnprintf                                0x080002bd   Thumb Code    48  vsnprintf.o(.text)
    __2snprintf                              0x080002f1   Thumb Code    50  __2snprintf.o(.text)
    __printf                                 0x08000329   Thumb Code   388  __printf_flags_ss_wp.o(.text)
    __aeabi_memclr4                          0x080004b1   Thumb Code     0  rt_memclr_w.o(.text)
    __aeabi_memclr8                          0x080004b1   Thumb Code     0  rt_memclr_w.o(.text)
    __rt_memclr_w                            0x080004b1   Thumb Code    78  rt_memclr_w.o(.text)
    _memset_w                                0x080004b5   Thumb Code     0  rt_memclr_w.o(.text)
    __use_two_region_memory                  0x080004ff   Thumb Code     2  heapauxi.o(.text)
    __rt_heap_escrow$2region                 0x08000501   Thumb Code     2  heapauxi.o(.text)
    __rt_heap_expand$2region                 0x08000503   Thumb Code     2  heapauxi.o(.text)
    __aeabi_uldivmod                         0x08000505   Thumb Code     0  lludivv7m.o(.text)
    _ll_udiv                                 0x08000505   Thumb Code   238  lludivv7m.o(.text)
    _printf_pre_padding                      0x080005f3   Thumb Code    44  _printf_pad.o(.text)
    _printf_post_padding                     0x0800061f   Thumb Code    34  _printf_pad.o(.text)
    _printf_truncate_signed                  0x08000641   Thumb Code    18  _printf_truncate.o(.text)
    _printf_truncate_unsigned                0x08000653   Thumb Code    18  _printf_truncate.o(.text)
    _printf_str                              0x08000665   Thumb Code    82  _printf_str.o(.text)
    _printf_int_dec                          0x080006b9   Thumb Code   104  _printf_dec.o(.text)
    _printf_charcount                        0x08000731   Thumb Code    40  _printf_charcount.o(.text)
    __lib_sel_fp_printf                      0x08000759   Thumb Code     2  _printf_fp_dec.o(.text)
    _printf_fp_dec_real                      0x0800090b   Thumb Code   620  _printf_fp_dec.o(.text)
    _printf_char_common                      0x08000b83   Thumb Code    32  _printf_char_common.o(.text)
    _sputc                                   0x08000ba9   Thumb Code    10  _sputc.o(.text)
    _snputc                                  0x08000bb3   Thumb Code    16  _snputc.o(.text)
    _printf_wctomb                           0x08000bc5   Thumb Code   182  _printf_wctomb.o(.text)
    _printf_longlong_dec                     0x08000c81   Thumb Code   108  _printf_longlong_dec.o(.text)
    _printf_longlong_oct                     0x08000cfd   Thumb Code    66  _printf_oct_int_ll.o(.text)
    _printf_int_oct                          0x08000d3f   Thumb Code    24  _printf_oct_int_ll.o(.text)
    _printf_ll_oct                           0x08000d57   Thumb Code    12  _printf_oct_int_ll.o(.text)
    _printf_longlong_hex                     0x08000d6d   Thumb Code    86  _printf_hex_int_ll_ptr.o(.text)
    _printf_int_hex                          0x08000dc3   Thumb Code    28  _printf_hex_int_ll_ptr.o(.text)
    _printf_ll_hex                           0x08000ddf   Thumb Code    12  _printf_hex_int_ll_ptr.o(.text)
    _printf_hex_ptr                          0x08000deb   Thumb Code    18  _printf_hex_int_ll_ptr.o(.text)
    __rt_locale                              0x08000e01   Thumb Code     8  rt_locale_intlibspace.o(.text)
    _ll_udiv10                               0x08000e09   Thumb Code   138  lludiv10.o(.text)
    _printf_int_common                       0x08000e93   Thumb Code   178  _printf_intcommon.o(.text)
    _printf_fp_hex_real                      0x08000f45   Thumb Code   756  _printf_fp_hex.o(.text)
    _printf_fp_infnan                        0x08001241   Thumb Code   112  _printf_fp_infnan.o(.text)
    _printf_cs_common                        0x080012c1   Thumb Code    20  _printf_char.o(.text)
    _printf_char                             0x080012d5   Thumb Code    16  _printf_char.o(.text)
    _printf_string                           0x080012e5   Thumb Code     8  _printf_char.o(.text)
    _printf_lcs_common                       0x080012ed   Thumb Code    20  _printf_wchar.o(.text)
    _printf_wchar                            0x08001301   Thumb Code    16  _printf_wchar.o(.text)
    _printf_wstring                          0x08001311   Thumb Code     8  _printf_wchar.o(.text)
    _btod_etento                             0x08001319   Thumb Code   224  bigflt0.o(.text)
    _wcrtomb                                 0x080013fd   Thumb Code    64  _wcrtomb.o(.text)
    __user_libspace                          0x0800143d   Thumb Code     8  libspace.o(.text)
    __user_perproc_libspace                  0x0800143d   Thumb Code     0  libspace.o(.text)
    __user_perthread_libspace                0x0800143d   Thumb Code     0  libspace.o(.text)
    __user_setup_stackheap                   0x08001445   Thumb Code    74  sys_stackheap_outer.o(.text)
    __rt_ctype_table                         0x08001491   Thumb Code    16  rt_ctype_table.o(.text)
    exit                                     0x080014a1   Thumb Code    18  exit.o(.text)
    strcmp                                   0x080014b5   Thumb Code   128  strcmpv7m.o(.text)
    _sys_exit                                0x08001535   Thumb Code     8  sys_exit.o(.text)
    __I$use$semihosting                      0x08001541   Thumb Code     0  use_no_semi.o(.text)
    __use_no_semihosting_swi                 0x08001541   Thumb Code     2  use_no_semi.o(.text)
    __semihosting_library_function           0x08001543   Thumb Code     0  indicate_semi.o(.text)
    _btod_d2e                                0x08001543   Thumb Code    62  btod.o(CL$$btod_d2e)
    _d2e_denorm_low                          0x08001581   Thumb Code    70  btod.o(CL$$btod_d2e_denorm_low)
    _d2e_norm_op1                            0x080015c7   Thumb Code    96  btod.o(CL$$btod_d2e_norm_op1)
    __btod_div_common                        0x08001627   Thumb Code   696  btod.o(CL$$btod_div_common)
    _e2e                                     0x0800195f   Thumb Code   220  btod.o(CL$$btod_e2e)
    _btod_ediv                               0x08001a3b   Thumb Code    42  btod.o(CL$$btod_ediv)
    _btod_emul                               0x08001a65   Thumb Code    42  btod.o(CL$$btod_emul)
    __btod_mult_common                       0x08001a8f   Thumb Code   580  btod.o(CL$$btod_mult_common)
    BusFault_Handler                         0x08001cd3   Thumb Code     2  stm32f1xx_it.o(i.BusFault_Handler)
    DebugMon_Handler                         0x08001cd5   Thumb Code     2  stm32f1xx_it.o(i.DebugMon_Handler)
    EXTI0_IRQHandler                         0x08001cd7   Thumb Code     6  stm32f1xx_it.o(i.EXTI0_IRQHandler)
    Error_Handler                            0x08001cdd   Thumb Code     4  main.o(i.Error_Handler)
    HAL_Delay                                0x08001ce1   Thumb Code    32  stm32f1xx_hal.o(i.HAL_Delay)
    HAL_GPIO_EXTI_Callback                   0x08001d05   Thumb Code    14  main.o(i.HAL_GPIO_EXTI_Callback)
    HAL_GPIO_EXTI_IRQHandler                 0x08001d19   Thumb Code    18  stm32f1xx_hal_gpio.o(i.HAL_GPIO_EXTI_IRQHandler)
    HAL_GPIO_Init                            0x08001d31   Thumb Code   446  stm32f1xx_hal_gpio.o(i.HAL_GPIO_Init)
    HAL_GPIO_ReadPin                         0x08001f11   Thumb Code    10  stm32f1xx_hal_gpio.o(i.HAL_GPIO_ReadPin)
    HAL_GPIO_WritePin                        0x08001f1b   Thumb Code    10  stm32f1xx_hal_gpio.o(i.HAL_GPIO_WritePin)
    HAL_GetTick                              0x08001f25   Thumb Code     6  stm32f1xx_hal.o(i.HAL_GetTick)
    HAL_I2C_GetError                         0x08001f31   Thumb Code     4  stm32f1xx_hal_i2c.o(i.HAL_I2C_GetError)
    HAL_I2C_Init                             0x08001f35   Thumb Code   376  stm32f1xx_hal_i2c.o(i.HAL_I2C_Init)
    HAL_I2C_IsDeviceReady                    0x080020bd   Thumb Code   354  stm32f1xx_hal_i2c.o(i.HAL_I2C_IsDeviceReady)
    HAL_I2C_Mem_Read                         0x08002229   Thumb Code   586  stm32f1xx_hal_i2c.o(i.HAL_I2C_Mem_Read)
    HAL_I2C_Mem_Write                        0x08002485   Thumb Code   294  stm32f1xx_hal_i2c.o(i.HAL_I2C_Mem_Write)
    HAL_I2C_MspInit                          0x080025b5   Thumb Code    80  i2c.o(i.HAL_I2C_MspInit)
    HAL_IncTick                              0x08002611   Thumb Code    12  stm32f1xx_hal.o(i.HAL_IncTick)
    HAL_Init                                 0x08002621   Thumb Code    32  stm32f1xx_hal.o(i.HAL_Init)
    HAL_InitTick                             0x08002645   Thumb Code    54  stm32f1xx_hal.o(i.HAL_InitTick)
    HAL_MspInit                              0x08002685   Thumb Code    52  stm32f1xx_hal_msp.o(i.HAL_MspInit)
    HAL_NVIC_EnableIRQ                       0x080026c1   Thumb Code    26  stm32f1xx_hal_cortex.o(i.HAL_NVIC_EnableIRQ)
    HAL_NVIC_SetPriority                     0x080026dd   Thumb Code    60  stm32f1xx_hal_cortex.o(i.HAL_NVIC_SetPriority)
    HAL_NVIC_SetPriorityGrouping             0x0800271d   Thumb Code    26  stm32f1xx_hal_cortex.o(i.HAL_NVIC_SetPriorityGrouping)
    HAL_RCC_ClockConfig                      0x08002741   Thumb Code   280  stm32f1xx_hal_rcc.o(i.HAL_RCC_ClockConfig)
    HAL_RCC_GetPCLK1Freq                     0x0800286d   Thumb Code    20  stm32f1xx_hal_rcc.o(i.HAL_RCC_GetPCLK1Freq)
    HAL_RCC_GetPCLK2Freq                     0x0800288d   Thumb Code    20  stm32f1xx_hal_rcc.o(i.HAL_RCC_GetPCLK2Freq)
    HAL_RCC_GetSysClockFreq                  0x080028ad   Thumb Code    58  stm32f1xx_hal_rcc.o(i.HAL_RCC_GetSysClockFreq)
    HAL_RCC_OscConfig                        0x080028f9   Thumb Code   778  stm32f1xx_hal_rcc.o(i.HAL_RCC_OscConfig)
    HAL_SYSTICK_Config                       0x08002c19   Thumb Code    40  stm32f1xx_hal_cortex.o(i.HAL_SYSTICK_Config)
    HAL_UART_Init                            0x08002c41   Thumb Code   100  stm32f1xx_hal_uart.o(i.HAL_UART_Init)
    HAL_UART_MspInit                         0x08002ca5   Thumb Code   156  usart.o(i.HAL_UART_MspInit)
    HAL_UART_Receive                         0x08002d51   Thumb Code   176  stm32f1xx_hal_uart.o(i.HAL_UART_Receive)
    HAL_UART_Transmit                        0x08002e01   Thumb Code   160  stm32f1xx_hal_uart.o(i.HAL_UART_Transmit)
    HardFault_Handler                        0x08002ea1   Thumb Code     2  stm32f1xx_it.o(i.HardFault_Handler)
    MX_GPIO_Init                             0x080032e1   Thumb Code   192  gpio.o(i.MX_GPIO_Init)
    MX_I2C1_Init                             0x080033b1   Thumb Code    50  i2c.o(i.MX_I2C1_Init)
    MX_USART1_UART_Init                      0x080033f1   Thumb Code    48  usart.o(i.MX_USART1_UART_Init)
    MX_USART2_UART_Init                      0x08003429   Thumb Code    48  usart.o(i.MX_USART2_UART_Init)
    MemManage_Handler                        0x08003461   Thumb Code     2  stm32f1xx_it.o(i.MemManage_Handler)
    NMI_Handler                              0x08003463   Thumb Code     2  stm32f1xx_it.o(i.NMI_Handler)
    PendSV_Handler                           0x08003465   Thumb Code     2  stm32f1xx_it.o(i.PendSV_Handler)
    SVC_Handler                              0x08003467   Thumb Code     2  stm32f1xx_it.o(i.SVC_Handler)
    SysTick_Handler                          0x08003469   Thumb Code     4  stm32f1xx_it.o(i.SysTick_Handler)
    SystemClock_Config                       0x0800346d   Thumb Code    94  main.o(i.SystemClock_Config)
    SystemInit                               0x080034cb   Thumb Code     2  system_stm32f1xx.o(i.SystemInit)
    UsageFault_Handler                       0x08003647   Thumb Code     2  stm32f1xx_it.o(i.UsageFault_Handler)
    __ARM_fpclassify                         0x08003649   Thumb Code    40  fpclassify.o(i.__ARM_fpclassify)
    _is_digit                                0x08003691   Thumb Code    14  __printf_wp.o(i._is_digit)
    main                                     0x08003a89   Thumb Code   662  main.o(i.main)
    _get_lc_numeric                          0x08004059   Thumb Code    44  lc_numeric_c.o(locale$$code)
    _get_lc_ctype                            0x08004085   Thumb Code    44  lc_ctype_c.o(locale$$code)
    __fpl_dretinf                            0x080040b1   Thumb Code    12  dretinf.o(x$fpl$dretinf)
    __aeabi_f2d                              0x080040bd   Thumb Code     0  f2d.o(x$fpl$f2d)
    _f2d                                     0x080040bd   Thumb Code    86  f2d.o(x$fpl$f2d)
    __aeabi_fadd                             0x08004115   Thumb Code     0  faddsub_clz.o(x$fpl$fadd)
    _fadd                                    0x08004115   Thumb Code   196  faddsub_clz.o(x$fpl$fadd)
    __fpl_fcheck_NaN1                        0x080041d9   Thumb Code     6  fcheck1.o(x$fpl$fcheck1)
    __aeabi_fdiv                             0x080041e5   Thumb Code     0  fdiv.o(x$fpl$fdiv)
    _fdiv                                    0x080041e5   Thumb Code   384  fdiv.o(x$fpl$fdiv)
    __aeabi_i2f                              0x08004369   Thumb Code     0  fflt_clz.o(x$fpl$fflt)
    _fflt                                    0x08004369   Thumb Code    48  fflt_clz.o(x$fpl$fflt)
    __aeabi_ui2f                             0x08004399   Thumb Code     0  fflt_clz.o(x$fpl$ffltu)
    _ffltu                                   0x08004399   Thumb Code    38  fflt_clz.o(x$fpl$ffltu)
    __aeabi_fmul                             0x080043c1   Thumb Code     0  fmul.o(x$fpl$fmul)
    _fmul                                    0x080043c1   Thumb Code   258  fmul.o(x$fpl$fmul)
    __fpl_fnaninf                            0x080044c3   Thumb Code   140  fnaninf.o(x$fpl$fnaninf)
    __fpl_fretinf                            0x0800454f   Thumb Code    10  fretinf.o(x$fpl$fretinf)
    __aeabi_fsub                             0x08004559   Thumb Code     0  faddsub_clz.o(x$fpl$fsub)
    _fsub                                    0x08004559   Thumb Code   234  faddsub_clz.o(x$fpl$fsub)
    _printf_fp_dec                           0x08004643   Thumb Code     4  printf1.o(x$fpl$printf1)
    _printf_fp_hex                           0x08004647   Thumb Code     4  printf2.o(x$fpl$printf2)
    __fpl_return_NaN                         0x0800464b   Thumb Code   100  retnan.o(x$fpl$retnan)
    __ARM_scalbnf                            0x080046af   Thumb Code    76  scalbnf.o(x$fpl$scalbnf)
    __fpl_cmpreturn                          0x080046fb   Thumb Code    48  trapv.o(x$fpl$trapveneer)
    __I$use$fp                               0x0800472a   Number         0  usenofp.o(x$fpl$usenofp)
    AHBPrescTable                            0x08004742   Data          16  system_stm32f1xx.o(.constdata)
    APBPrescTable                            0x08004752   Data           8  system_stm32f1xx.o(.constdata)
    Region$$Table$$Base                      0x080049a8   Number         0  anon$$obj.o(Region$$Table)
    Region$$Table$$Limit                     0x080049c8   Number         0  anon$$obj.o(Region$$Table)
    __ctype                                  0x080049f1   Data           0  lc_ctype_c.o(locale$$data)
    uwTickFreq                               0x20000020   Data           1  stm32f1xx_hal.o(.data)
    uwTickPrio                               0x20000024   Data           4  stm32f1xx_hal.o(.data)
    uwTick                                   0x20000028   Data           4  stm32f1xx_hal.o(.data)
    SystemCoreClock                          0x2000002c   Data           4  system_stm32f1xx.o(.data)
    hi2c1                                    0x20000070   Data          84  i2c.o(.bss)
    huart1                                   0x200000c4   Data          72  usart.o(.bss)
    huart2                                   0x2000010c   Data          72  usart.o(.bss)
    __libspace_start                         0x20000154   Data          96  libspace.o(.bss)
    __temporary_stack_top$libspace           0x200001b4   Data           0  libspace.o(.bss)



==============================================================================

Memory Map of the image

  Image Entry point : 0x080000ed

  Load Region LR_IROM1 (Base: 0x08000000, Size: 0x00004b24, Max: 0x00010000, ABSOLUTE)

    Execution Region ER_IROM1 (Exec base: 0x08000000, Load base: 0x08000000, Size: 0x00004af4, Max: 0x00010000, ABSOLUTE)

    Exec Addr    Load Addr    Size         Type   Attr      Idx    E Section Name        Object

    0x08000000   0x08000000   0x000000ec   Data   RO            3    RESET               startup_stm32f103xb.o
    0x080000ec   0x080000ec   0x00000008   Code   RO         2346  * !!!main             c_w.l(__main.o)
    0x080000f4   0x080000f4   0x00000034   Code   RO         2693    !!!scatter          c_w.l(__scatter.o)
    0x08000128   0x08000128   0x0000001a   Code   RO         2695    !!handler_copy      c_w.l(__scatter_copy.o)
    0x08000142   0x08000142   0x00000002   PAD
    0x08000144   0x08000144   0x0000001c   Code   RO         2697    !!handler_zi        c_w.l(__scatter_zi.o)
    0x08000160   0x08000160   0x00000000   Code   RO         2341    .ARM.Collect$$_printf_percent$$00000000  c_w.l(_printf_percent.o)
    0x08000160   0x08000160   0x00000006   Code   RO         2427    .ARM.Collect$$_printf_percent$$00000001  c_w.l(_printf_n.o)
    0x08000166   0x08000166   0x00000006   Code   RO         2429    .ARM.Collect$$_printf_percent$$00000002  c_w.l(_printf_p.o)
    0x0800016c   0x0800016c   0x00000006   Code   RO         2340    .ARM.Collect$$_printf_percent$$00000003  c_w.l(_printf_f.o)
    0x08000172   0x08000172   0x00000006   Code   RO         2434    .ARM.Collect$$_printf_percent$$00000004  c_w.l(_printf_e.o)
    0x08000178   0x08000178   0x00000006   Code   RO         2435    .ARM.Collect$$_printf_percent$$00000005  c_w.l(_printf_g.o)
    0x0800017e   0x0800017e   0x00000006   Code   RO         2436    .ARM.Collect$$_printf_percent$$00000006  c_w.l(_printf_a.o)
    0x08000184   0x08000184   0x0000000a   Code   RO         2441    .ARM.Collect$$_printf_percent$$00000007  c_w.l(_printf_ll.o)
    0x0800018e   0x0800018e   0x00000006   Code   RO         2431    .ARM.Collect$$_printf_percent$$00000008  c_w.l(_printf_i.o)
    0x08000194   0x08000194   0x00000006   Code   RO         2432    .ARM.Collect$$_printf_percent$$00000009  c_w.l(_printf_d.o)
    0x0800019a   0x0800019a   0x00000006   Code   RO         2433    .ARM.Collect$$_printf_percent$$0000000A  c_w.l(_printf_u.o)
    0x080001a0   0x080001a0   0x00000006   Code   RO         2430    .ARM.Collect$$_printf_percent$$0000000B  c_w.l(_printf_o.o)
    0x080001a6   0x080001a6   0x00000006   Code   RO         2428    .ARM.Collect$$_printf_percent$$0000000C  c_w.l(_printf_x.o)
    0x080001ac   0x080001ac   0x00000006   Code   RO         2438    .ARM.Collect$$_printf_percent$$0000000D  c_w.l(_printf_lli.o)
    0x080001b2   0x080001b2   0x00000006   Code   RO         2439    .ARM.Collect$$_printf_percent$$0000000E  c_w.l(_printf_lld.o)
    0x080001b8   0x080001b8   0x00000006   Code   RO         2440    .ARM.Collect$$_printf_percent$$0000000F  c_w.l(_printf_llu.o)
    0x080001be   0x080001be   0x00000006   Code   RO         2445    .ARM.Collect$$_printf_percent$$00000010  c_w.l(_printf_llo.o)
    0x080001c4   0x080001c4   0x00000006   Code   RO         2446    .ARM.Collect$$_printf_percent$$00000011  c_w.l(_printf_llx.o)
    0x080001ca   0x080001ca   0x0000000a   Code   RO         2442    .ARM.Collect$$_printf_percent$$00000012  c_w.l(_printf_l.o)
    0x080001d4   0x080001d4   0x00000006   Code   RO         2425    .ARM.Collect$$_printf_percent$$00000013  c_w.l(_printf_c.o)
    0x080001da   0x080001da   0x00000006   Code   RO         2426    .ARM.Collect$$_printf_percent$$00000014  c_w.l(_printf_s.o)
    0x080001e0   0x080001e0   0x00000006   Code   RO         2443    .ARM.Collect$$_printf_percent$$00000015  c_w.l(_printf_lc.o)
    0x080001e6   0x080001e6   0x00000006   Code   RO         2444    .ARM.Collect$$_printf_percent$$00000016  c_w.l(_printf_ls.o)
    0x080001ec   0x080001ec   0x00000004   Code   RO         2437    .ARM.Collect$$_printf_percent$$00000017  c_w.l(_printf_percent_end.o)
    0x080001f0   0x080001f0   0x00000002   Code   RO         2555    .ARM.Collect$$libinit$$00000000  c_w.l(libinit.o)
    0x080001f2   0x080001f2   0x00000000   Code   RO         2557    .ARM.Collect$$libinit$$00000002  c_w.l(libinit2.o)
    0x080001f2   0x080001f2   0x00000000   Code   RO         2559    .ARM.Collect$$libinit$$00000004  c_w.l(libinit2.o)
    0x080001f2   0x080001f2   0x00000000   Code   RO         2562    .ARM.Collect$$libinit$$0000000A  c_w.l(libinit2.o)
    0x080001f2   0x080001f2   0x00000000   Code   RO         2564    .ARM.Collect$$libinit$$0000000C  c_w.l(libinit2.o)
    0x080001f2   0x080001f2   0x00000000   Code   RO         2566    .ARM.Collect$$libinit$$0000000E  c_w.l(libinit2.o)
    0x080001f2   0x080001f2   0x00000006   Code   RO         2567    .ARM.Collect$$libinit$$0000000F  c_w.l(libinit2.o)
    0x080001f8   0x080001f8   0x00000000   Code   RO         2569    .ARM.Collect$$libinit$$00000011  c_w.l(libinit2.o)
    0x080001f8   0x080001f8   0x0000000c   Code   RO         2570    .ARM.Collect$$libinit$$00000012  c_w.l(libinit2.o)
    0x08000204   0x08000204   0x00000000   Code   RO         2571    .ARM.Collect$$libinit$$00000013  c_w.l(libinit2.o)
    0x08000204   0x08000204   0x00000000   Code   RO         2573    .ARM.Collect$$libinit$$00000015  c_w.l(libinit2.o)
    0x08000204   0x08000204   0x0000000a   Code   RO         2574    .ARM.Collect$$libinit$$00000016  c_w.l(libinit2.o)
    0x0800020e   0x0800020e   0x00000000   Code   RO         2575    .ARM.Collect$$libinit$$00000017  c_w.l(libinit2.o)
    0x0800020e   0x0800020e   0x00000000   Code   RO         2577    .ARM.Collect$$libinit$$00000019  c_w.l(libinit2.o)
    0x0800020e   0x0800020e   0x00000000   Code   RO         2579    .ARM.Collect$$libinit$$0000001B  c_w.l(libinit2.o)
    0x0800020e   0x0800020e   0x00000000   Code   RO         2581    .ARM.Collect$$libinit$$0000001D  c_w.l(libinit2.o)
    0x0800020e   0x0800020e   0x00000000   Code   RO         2583    .ARM.Collect$$libinit$$0000001F  c_w.l(libinit2.o)
    0x0800020e   0x0800020e   0x00000000   Code   RO         2585    .ARM.Collect$$libinit$$00000021  c_w.l(libinit2.o)
    0x0800020e   0x0800020e   0x00000000   Code   RO         2587    .ARM.Collect$$libinit$$00000023  c_w.l(libinit2.o)
    0x0800020e   0x0800020e   0x00000000   Code   RO         2589    .ARM.Collect$$libinit$$00000025  c_w.l(libinit2.o)
    0x0800020e   0x0800020e   0x00000000   Code   RO         2593    .ARM.Collect$$libinit$$0000002C  c_w.l(libinit2.o)
    0x0800020e   0x0800020e   0x00000000   Code   RO         2595    .ARM.Collect$$libinit$$0000002E  c_w.l(libinit2.o)
    0x0800020e   0x0800020e   0x00000000   Code   RO         2597    .ARM.Collect$$libinit$$00000030  c_w.l(libinit2.o)
    0x0800020e   0x0800020e   0x00000000   Code   RO         2599    .ARM.Collect$$libinit$$00000032  c_w.l(libinit2.o)
    0x0800020e   0x0800020e   0x00000002   Code   RO         2600    .ARM.Collect$$libinit$$00000033  c_w.l(libinit2.o)
    0x08000210   0x08000210   0x00000002   Code   RO         2649    .ARM.Collect$$libshutdown$$00000000  c_w.l(libshutdown.o)
    0x08000212   0x08000212   0x00000000   Code   RO         2660    .ARM.Collect$$libshutdown$$00000002  c_w.l(libshutdown2.o)
    0x08000212   0x08000212   0x00000000   Code   RO         2662    .ARM.Collect$$libshutdown$$00000004  c_w.l(libshutdown2.o)
    0x08000212   0x08000212   0x00000000   Code   RO         2664    .ARM.Collect$$libshutdown$$00000006  c_w.l(libshutdown2.o)
    0x08000212   0x08000212   0x00000000   Code   RO         2667    .ARM.Collect$$libshutdown$$00000009  c_w.l(libshutdown2.o)
    0x08000212   0x08000212   0x00000000   Code   RO         2670    .ARM.Collect$$libshutdown$$0000000C  c_w.l(libshutdown2.o)
    0x08000212   0x08000212   0x00000000   Code   RO         2672    .ARM.Collect$$libshutdown$$0000000E  c_w.l(libshutdown2.o)
    0x08000212   0x08000212   0x00000000   Code   RO         2675    .ARM.Collect$$libshutdown$$00000011  c_w.l(libshutdown2.o)
    0x08000212   0x08000212   0x00000002   Code   RO         2676    .ARM.Collect$$libshutdown$$00000012  c_w.l(libshutdown2.o)
    0x08000214   0x08000214   0x00000000   Code   RO         2372    .ARM.Collect$$rtentry$$00000000  c_w.l(__rtentry.o)
    0x08000214   0x08000214   0x00000000   Code   RO         2463    .ARM.Collect$$rtentry$$00000002  c_w.l(__rtentry2.o)
    0x08000214   0x08000214   0x00000006   Code   RO         2475    .ARM.Collect$$rtentry$$00000004  c_w.l(__rtentry4.o)
    0x0800021a   0x0800021a   0x00000000   Code   RO         2465    .ARM.Collect$$rtentry$$00000009  c_w.l(__rtentry2.o)
    0x0800021a   0x0800021a   0x00000004   Code   RO         2466    .ARM.Collect$$rtentry$$0000000A  c_w.l(__rtentry2.o)
    0x0800021e   0x0800021e   0x00000000   Code   RO         2468    .ARM.Collect$$rtentry$$0000000C  c_w.l(__rtentry2.o)
    0x0800021e   0x0800021e   0x00000008   Code   RO         2469    .ARM.Collect$$rtentry$$0000000D  c_w.l(__rtentry2.o)
    0x08000226   0x08000226   0x00000002   Code   RO         2603    .ARM.Collect$$rtexit$$00000000  c_w.l(rtexit.o)
    0x08000228   0x08000228   0x00000000   Code   RO         2617    .ARM.Collect$$rtexit$$00000002  c_w.l(rtexit2.o)
    0x08000228   0x08000228   0x00000004   Code   RO         2618    .ARM.Collect$$rtexit$$00000003  c_w.l(rtexit2.o)
    0x0800022c   0x0800022c   0x00000006   Code   RO         2619    .ARM.Collect$$rtexit$$00000004  c_w.l(rtexit2.o)
    0x08000232   0x08000232   0x00000002   PAD
    0x08000234   0x08000234   0x00000040   Code   RO            4    .text               startup_stm32f103xb.o
    0x08000274   0x08000274   0x00000048   Code   RO         2310    .text               c_w.l(llsdiv.o)
    0x080002bc   0x080002bc   0x00000034   Code   RO         2312    .text               c_w.l(vsnprintf.o)
    0x080002f0   0x080002f0   0x00000038   Code   RO         2314    .text               c_w.l(__2snprintf.o)
    0x08000328   0x08000328   0x00000188   Code   RO         2337    .text               c_w.l(__printf_flags_ss_wp.o)
    0x080004b0   0x080004b0   0x0000004e   Code   RO         2342    .text               c_w.l(rt_memclr_w.o)
    0x080004fe   0x080004fe   0x00000006   Code   RO         2344    .text               c_w.l(heapauxi.o)
    0x08000504   0x08000504   0x000000ee   Code   RO         2373    .text               c_w.l(lludivv7m.o)
    0x080005f2   0x080005f2   0x0000004e   Code   RO         2375    .text               c_w.l(_printf_pad.o)
    0x08000640   0x08000640   0x00000024   Code   RO         2377    .text               c_w.l(_printf_truncate.o)
    0x08000664   0x08000664   0x00000052   Code   RO         2379    .text               c_w.l(_printf_str.o)
    0x080006b6   0x080006b6   0x00000002   PAD
    0x080006b8   0x080006b8   0x00000078   Code   RO         2381    .text               c_w.l(_printf_dec.o)
    0x08000730   0x08000730   0x00000028   Code   RO         2383    .text               c_w.l(_printf_charcount.o)
    0x08000758   0x08000758   0x0000041e   Code   RO         2385    .text               c_w.l(_printf_fp_dec.o)
    0x08000b76   0x08000b76   0x00000002   PAD
    0x08000b78   0x08000b78   0x00000030   Code   RO         2387    .text               c_w.l(_printf_char_common.o)
    0x08000ba8   0x08000ba8   0x0000000a   Code   RO         2389    .text               c_w.l(_sputc.o)
    0x08000bb2   0x08000bb2   0x00000010   Code   RO         2391    .text               c_w.l(_snputc.o)
    0x08000bc2   0x08000bc2   0x00000002   PAD
    0x08000bc4   0x08000bc4   0x000000bc   Code   RO         2393    .text               c_w.l(_printf_wctomb.o)
    0x08000c80   0x08000c80   0x0000007c   Code   RO         2396    .text               c_w.l(_printf_longlong_dec.o)
    0x08000cfc   0x08000cfc   0x00000070   Code   RO         2402    .text               c_w.l(_printf_oct_int_ll.o)
    0x08000d6c   0x08000d6c   0x00000094   Code   RO         2422    .text               c_w.l(_printf_hex_int_ll_ptr.o)
    0x08000e00   0x08000e00   0x00000008   Code   RO         2484    .text               c_w.l(rt_locale_intlibspace.o)
    0x08000e08   0x08000e08   0x0000008a   Code   RO         2486    .text               c_w.l(lludiv10.o)
    0x08000e92   0x08000e92   0x000000b2   Code   RO         2488    .text               c_w.l(_printf_intcommon.o)
    0x08000f44   0x08000f44   0x000002fc   Code   RO         2490    .text               c_w.l(_printf_fp_hex.o)
    0x08001240   0x08001240   0x00000080   Code   RO         2493    .text               c_w.l(_printf_fp_infnan.o)
    0x080012c0   0x080012c0   0x0000002c   Code   RO         2497    .text               c_w.l(_printf_char.o)
    0x080012ec   0x080012ec   0x0000002c   Code   RO         2499    .text               c_w.l(_printf_wchar.o)
    0x08001318   0x08001318   0x000000e4   Code   RO         2501    .text               c_w.l(bigflt0.o)
    0x080013fc   0x080013fc   0x00000040   Code   RO         2526    .text               c_w.l(_wcrtomb.o)
    0x0800143c   0x0800143c   0x00000008   Code   RO         2537    .text               c_w.l(libspace.o)
    0x08001444   0x08001444   0x0000004a   Code   RO         2540    .text               c_w.l(sys_stackheap_outer.o)
    0x0800148e   0x0800148e   0x00000002   PAD
    0x08001490   0x08001490   0x00000010   Code   RO         2542    .text               c_w.l(rt_ctype_table.o)
    0x080014a0   0x080014a0   0x00000012   Code   RO         2546    .text               c_w.l(exit.o)
    0x080014b2   0x080014b2   0x00000002   PAD
    0x080014b4   0x080014b4   0x00000080   Code   RO         2548    .text               c_w.l(strcmpv7m.o)
    0x08001534   0x08001534   0x0000000c   Code   RO         2635    .text               c_w.l(sys_exit.o)
    0x08001540   0x08001540   0x00000002   Code   RO         2652    .text               c_w.l(use_no_semi.o)
    0x08001542   0x08001542   0x00000000   Code   RO         2654    .text               c_w.l(indicate_semi.o)
    0x08001542   0x08001542   0x0000003e   Code   RO         2504    CL$$btod_d2e        c_w.l(btod.o)
    0x08001580   0x08001580   0x00000046   Code   RO         2506    CL$$btod_d2e_denorm_low  c_w.l(btod.o)
    0x080015c6   0x080015c6   0x00000060   Code   RO         2505    CL$$btod_d2e_norm_op1  c_w.l(btod.o)
    0x08001626   0x08001626   0x00000338   Code   RO         2514    CL$$btod_div_common  c_w.l(btod.o)
    0x0800195e   0x0800195e   0x000000dc   Code   RO         2511    CL$$btod_e2e        c_w.l(btod.o)
    0x08001a3a   0x08001a3a   0x0000002a   Code   RO         2508    CL$$btod_ediv       c_w.l(btod.o)
    0x08001a64   0x08001a64   0x0000002a   Code   RO         2507    CL$$btod_emul       c_w.l(btod.o)
    0x08001a8e   0x08001a8e   0x00000244   Code   RO         2513    CL$$btod_mult_common  c_w.l(btod.o)
    0x08001cd2   0x08001cd2   0x00000002   Code   RO          353    i.BusFault_Handler  stm32f1xx_it.o
    0x08001cd4   0x08001cd4   0x00000002   Code   RO          354    i.DebugMon_Handler  stm32f1xx_it.o
    0x08001cd6   0x08001cd6   0x00000006   Code   RO          355    i.EXTI0_IRQHandler  stm32f1xx_it.o
    0x08001cdc   0x08001cdc   0x00000004   Code   RO           13    i.Error_Handler     main.o
    0x08001ce0   0x08001ce0   0x00000024   Code   RO          938    i.HAL_Delay         stm32f1xx_hal.o
    0x08001d04   0x08001d04   0x00000014   Code   RO           14    i.HAL_GPIO_EXTI_Callback  main.o
    0x08001d18   0x08001d18   0x00000018   Code   RO         1247    i.HAL_GPIO_EXTI_IRQHandler  stm32f1xx_hal_gpio.o
    0x08001d30   0x08001d30   0x000001e0   Code   RO         1248    i.HAL_GPIO_Init     stm32f1xx_hal_gpio.o
    0x08001f10   0x08001f10   0x0000000a   Code   RO         1250    i.HAL_GPIO_ReadPin  stm32f1xx_hal_gpio.o
    0x08001f1a   0x08001f1a   0x0000000a   Code   RO         1252    i.HAL_GPIO_WritePin  stm32f1xx_hal_gpio.o
    0x08001f24   0x08001f24   0x0000000c   Code   RO          942    i.HAL_GetTick       stm32f1xx_hal.o
    0x08001f30   0x08001f30   0x00000004   Code   RO          502    i.HAL_I2C_GetError  stm32f1xx_hal_i2c.o
    0x08001f34   0x08001f34   0x00000188   Code   RO          505    i.HAL_I2C_Init      stm32f1xx_hal_i2c.o
    0x080020bc   0x080020bc   0x0000016c   Code   RO          506    i.HAL_I2C_IsDeviceReady  stm32f1xx_hal_i2c.o
    0x08002228   0x08002228   0x0000025c   Code   RO          523    i.HAL_I2C_Mem_Read  stm32f1xx_hal_i2c.o
    0x08002484   0x08002484   0x00000130   Code   RO          526    i.HAL_I2C_Mem_Write  stm32f1xx_hal_i2c.o
    0x080025b4   0x080025b4   0x0000005c   Code   RO          264    i.HAL_I2C_MspInit   i2c.o
    0x08002610   0x08002610   0x00000010   Code   RO          948    i.HAL_IncTick       stm32f1xx_hal.o
    0x08002620   0x08002620   0x00000024   Code   RO          949    i.HAL_Init          stm32f1xx_hal.o
    0x08002644   0x08002644   0x00000040   Code   RO          950    i.HAL_InitTick      stm32f1xx_hal.o
    0x08002684   0x08002684   0x0000003c   Code   RO          434    i.HAL_MspInit       stm32f1xx_hal_msp.o
    0x080026c0   0x080026c0   0x0000001a   Code   RO         1408    i.HAL_NVIC_EnableIRQ  stm32f1xx_hal_cortex.o
    0x080026da   0x080026da   0x00000002   PAD
    0x080026dc   0x080026dc   0x00000040   Code   RO         1414    i.HAL_NVIC_SetPriority  stm32f1xx_hal_cortex.o
    0x0800271c   0x0800271c   0x00000024   Code   RO         1415    i.HAL_NVIC_SetPriorityGrouping  stm32f1xx_hal_cortex.o
    0x08002740   0x08002740   0x0000012c   Code   RO         1106    i.HAL_RCC_ClockConfig  stm32f1xx_hal_rcc.o
    0x0800286c   0x0800286c   0x00000020   Code   RO         1113    i.HAL_RCC_GetPCLK1Freq  stm32f1xx_hal_rcc.o
    0x0800288c   0x0800288c   0x00000020   Code   RO         1114    i.HAL_RCC_GetPCLK2Freq  stm32f1xx_hal_rcc.o
    0x080028ac   0x080028ac   0x0000004c   Code   RO         1115    i.HAL_RCC_GetSysClockFreq  stm32f1xx_hal_rcc.o
    0x080028f8   0x080028f8   0x00000320   Code   RO         1118    i.HAL_RCC_OscConfig  stm32f1xx_hal_rcc.o
    0x08002c18   0x08002c18   0x00000028   Code   RO         1419    i.HAL_SYSTICK_Config  stm32f1xx_hal_cortex.o
    0x08002c40   0x08002c40   0x00000064   Code   RO         1938    i.HAL_UART_Init     stm32f1xx_hal_uart.o
    0x08002ca4   0x08002ca4   0x000000ac   Code   RO          306    i.HAL_UART_MspInit  usart.o
    0x08002d50   0x08002d50   0x000000b0   Code   RO         1941    i.HAL_UART_Receive  stm32f1xx_hal_uart.o
    0x08002e00   0x08002e00   0x000000a0   Code   RO         1946    i.HAL_UART_Transmit  stm32f1xx_hal_uart.o
    0x08002ea0   0x08002ea0   0x00000002   Code   RO          356    i.HardFault_Handler  stm32f1xx_it.o
    0x08002ea2   0x08002ea2   0x0000002e   Code   RO          548    i.I2C_IsAcknowledgeFailed  stm32f1xx_hal_i2c.o
    0x08002ed0   0x08002ed0   0x000000fc   Code   RO          558    i.I2C_RequestMemoryRead  stm32f1xx_hal_i2c.o
    0x08002fcc   0x08002fcc   0x000000a8   Code   RO          559    i.I2C_RequestMemoryWrite  stm32f1xx_hal_i2c.o
    0x08003074   0x08003074   0x00000056   Code   RO          563    i.I2C_WaitOnBTFFlagUntilTimeout  stm32f1xx_hal_i2c.o
    0x080030ca   0x080030ca   0x00000002   PAD
    0x080030cc   0x080030cc   0x00000090   Code   RO          564    i.I2C_WaitOnFlagUntilTimeout  stm32f1xx_hal_i2c.o
    0x0800315c   0x0800315c   0x000000bc   Code   RO          565    i.I2C_WaitOnMasterAddressFlagUntilTimeout  stm32f1xx_hal_i2c.o
    0x08003218   0x08003218   0x00000070   Code   RO          566    i.I2C_WaitOnRXNEFlagUntilTimeout  stm32f1xx_hal_i2c.o
    0x08003288   0x08003288   0x00000056   Code   RO          567    i.I2C_WaitOnTXEFlagUntilTimeout  stm32f1xx_hal_i2c.o
    0x080032de   0x080032de   0x00000002   PAD
    0x080032e0   0x080032e0   0x000000d0   Code   RO          239    i.MX_GPIO_Init      gpio.o
    0x080033b0   0x080033b0   0x00000040   Code   RO          265    i.MX_I2C1_Init      i2c.o
    0x080033f0   0x080033f0   0x00000038   Code   RO          307    i.MX_USART1_UART_Init  usart.o
    0x08003428   0x08003428   0x00000038   Code   RO          308    i.MX_USART2_UART_Init  usart.o
    0x08003460   0x08003460   0x00000002   Code   RO          357    i.MemManage_Handler  stm32f1xx_it.o
    0x08003462   0x08003462   0x00000002   Code   RO          358    i.NMI_Handler       stm32f1xx_it.o
    0x08003464   0x08003464   0x00000002   Code   RO          359    i.PendSV_Handler    stm32f1xx_it.o
    0x08003466   0x08003466   0x00000002   Code   RO          360    i.SVC_Handler       stm32f1xx_it.o
    0x08003468   0x08003468   0x00000004   Code   RO          361    i.SysTick_Handler   stm32f1xx_it.o
    0x0800346c   0x0800346c   0x0000005e   Code   RO           15    i.SystemClock_Config  main.o
    0x080034ca   0x080034ca   0x00000002   Code   RO         2272    i.SystemInit        system_stm32f1xx.o
    0x080034cc   0x080034cc   0x0000004e   Code   RO         1961    i.UART_EndRxTransfer  stm32f1xx_hal_uart.o
    0x0800351a   0x0800351a   0x00000002   PAD
    0x0800351c   0x0800351c   0x000000b8   Code   RO         1964    i.UART_SetConfig    stm32f1xx_hal_uart.o
    0x080035d4   0x080035d4   0x00000072   Code   RO         1967    i.UART_WaitOnFlagUntilTimeout  stm32f1xx_hal_uart.o
    0x08003646   0x08003646   0x00000002   Code   RO          362    i.UsageFault_Handler  stm32f1xx_it.o
    0x08003648   0x08003648   0x00000028   Code   RO         2535    i.__ARM_fpclassify  m_ws.l(fpclassify.o)
    0x08003670   0x08003670   0x00000020   Code   RO         1421    i.__NVIC_SetPriority  stm32f1xx_hal_cortex.o
    0x08003690   0x08003690   0x0000000e   Code   RO         2330    i._is_digit         c_w.l(__printf_wp.o)
    0x0800369e   0x0800369e   0x00000002   PAD
    0x080036a0   0x080036a0   0x00000068   Code   RO           16    i.adc1_init         main.o
    0x08003708   0x08003708   0x00000020   Code   RO           17    i.clamp_to_i16      main.o
    0x08003728   0x08003728   0x00000034   Code   RO           18    i.debug_printf      main.o
    0x0800375c   0x0800375c   0x00000020   Code   RO           19    i.flow_pulses_to_cubic_meters  main.o
    0x0800377c   0x0800377c   0x000000d8   Code   RO           20    i.hx710_init        main.o
    0x08003854   0x08003854   0x000000a8   Code   RO           21    i.hx710_read_once   main.o
    0x080038fc   0x080038fc   0x00000012   Code   RO           22    i.hx710b_delay_short  main.o
    0x0800390e   0x0800390e   0x00000002   PAD
    0x08003910   0x08003910   0x000000bc   Code   RO           23    i.lora_poll_and_log  main.o
    0x080039cc   0x080039cc   0x000000bc   Code   RO           24    i.lora_send_packet_line  main.o
    0x08003a88   0x08003a88   0x000003bc   Code   RO           25    i.main              main.o
    0x08003e44   0x08003e44   0x00000098   Code   RO           26    i.mpu6050_init      main.o
    0x08003edc   0x08003edc   0x0000002c   Code   RO           27    i.mpu6050_read_bytes  main.o
    0x08003f08   0x08003f08   0x00000064   Code   RO           28    i.mpu6050_read_data  main.o
    0x08003f6c   0x08003f6c   0x0000006c   Code   RO           29    i.pressure_read_raw  main.o
    0x08003fd8   0x08003fd8   0x00000080   Code   RO           30    i.tds_voltage_to_ppm  main.o
    0x08004058   0x08004058   0x0000002c   Code   RO         2529    locale$$code        c_w.l(lc_numeric_c.o)
    0x08004084   0x08004084   0x0000002c   Code   RO         2606    locale$$code        c_w.l(lc_ctype_c.o)
    0x080040b0   0x080040b0   0x0000000c   Code   RO         2447    x$fpl$dretinf       fz_ws.l(dretinf.o)
    0x080040bc   0x080040bc   0x00000056   Code   RO         2348    x$fpl$f2d           fz_ws.l(f2d.o)
    0x08004112   0x08004112   0x00000002   PAD
    0x08004114   0x08004114   0x000000c4   Code   RO         2350    x$fpl$fadd          fz_ws.l(faddsub_clz.o)
    0x080041d8   0x080041d8   0x0000000c   Code   RO         2449    x$fpl$fcheck1       fz_ws.l(fcheck1.o)
    0x080041e4   0x080041e4   0x00000184   Code   RO         2357    x$fpl$fdiv          fz_ws.l(fdiv.o)
    0x08004368   0x08004368   0x00000030   Code   RO         2361    x$fpl$fflt          fz_ws.l(fflt_clz.o)
    0x08004398   0x08004398   0x00000026   Code   RO         2360    x$fpl$ffltu         fz_ws.l(fflt_clz.o)
    0x080043be   0x080043be   0x00000002   PAD
    0x080043c0   0x080043c0   0x00000102   Code   RO         2366    x$fpl$fmul          fz_ws.l(fmul.o)
    0x080044c2   0x080044c2   0x0000008c   Code   RO         2451    x$fpl$fnaninf       fz_ws.l(fnaninf.o)
    0x0800454e   0x0800454e   0x0000000a   Code   RO         2453    x$fpl$fretinf       fz_ws.l(fretinf.o)
    0x08004558   0x08004558   0x000000ea   Code   RO         2352    x$fpl$fsub          fz_ws.l(faddsub_clz.o)
    0x08004642   0x08004642   0x00000004   Code   RO         2368    x$fpl$printf1       fz_ws.l(printf1.o)
    0x08004646   0x08004646   0x00000004   Code   RO         2455    x$fpl$printf2       fz_ws.l(printf2.o)
    0x0800464a   0x0800464a   0x00000064   Code   RO         2533    x$fpl$retnan        fz_ws.l(retnan.o)
    0x080046ae   0x080046ae   0x0000004c   Code   RO         2370    x$fpl$scalbnf       fz_ws.l(scalbnf.o)
    0x080046fa   0x080046fa   0x00000030   Code   RO         2601    x$fpl$trapveneer    fz_ws.l(trapv.o)
    0x0800472a   0x0800472a   0x00000000   Code   RO         2461    x$fpl$usenofp       fz_ws.l(usenofp.o)
    0x0800472a   0x0800472a   0x00000002   PAD
    0x0800472c   0x0800472c   0x00000004   Data   RO           32    .constdata          main.o
    0x08004730   0x08004730   0x00000012   Data   RO         1119    .constdata          stm32f1xx_hal_rcc.o
    0x08004742   0x08004742   0x00000010   Data   RO         2273    .constdata          system_stm32f1xx.o
    0x08004752   0x08004752   0x00000008   Data   RO         2274    .constdata          system_stm32f1xx.o
    0x0800475a   0x0800475a   0x00000011   Data   RO         2338    .constdata          c_w.l(__printf_flags_ss_wp.o)
    0x0800476b   0x0800476b   0x00000001   PAD
    0x0800476c   0x0800476c   0x00000008   Data   RO         2394    .constdata          c_w.l(_printf_wctomb.o)
    0x08004774   0x08004774   0x00000028   Data   RO         2423    .constdata          c_w.l(_printf_hex_int_ll_ptr.o)
    0x0800479c   0x0800479c   0x00000026   Data   RO         2491    .constdata          c_w.l(_printf_fp_hex.o)
    0x080047c2   0x080047c2   0x00000002   PAD
    0x080047c4   0x080047c4   0x00000094   Data   RO         2502    .constdata          c_w.l(bigflt0.o)
    0x08004858   0x08004858   0x00000150   Data   RO           33    .conststring        main.o
    0x080049a8   0x080049a8   0x00000020   Data   RO         2691    Region$$Table       anon$$obj.o
    0x080049c8   0x080049c8   0x0000001c   Data   RO         2528    locale$$data        c_w.l(lc_numeric_c.o)
    0x080049e4   0x080049e4   0x00000110   Data   RO         2605    locale$$data        c_w.l(lc_ctype_c.o)


    Execution Region RW_IRAM1 (Exec base: 0x20000000, Load base: 0x08004af4, Size: 0x000007b8, Max: 0x00005000, ABSOLUTE)

    Exec Addr    Load Addr    Size         Type   Attr      Idx    E Section Name        Object

    0x20000000   0x08004af4   0x00000020   Data   RW           34    .data               main.o
    0x20000020   0x08004b14   0x0000000c   Data   RW          956    .data               stm32f1xx_hal.o
    0x2000002c   0x08004b20   0x00000004   Data   RW         2275    .data               system_stm32f1xx.o
    0x20000030        -       0x00000040   Zero   RW           31    .bss                main.o
    0x20000070        -       0x00000054   Zero   RW          266    .bss                i2c.o
    0x200000c4        -       0x00000090   Zero   RW          309    .bss                usart.o
    0x20000154        -       0x00000060   Zero   RW         2538    .bss                c_w.l(libspace.o)
    0x200001b4   0x08004b24   0x00000004   PAD
    0x200001b8        -       0x00000200   Zero   RW            2    HEAP                startup_stm32f103xb.o
    0x200003b8        -       0x00000400   Zero   RW            1    STACK               startup_stm32f103xb.o


==============================================================================

Image component sizes


      Code (inc. data)   RO Data    RW Data    ZI Data      Debug   Object Name

       208         16          0          0          0        919   gpio.o
       156         26          0          0         84       1505   i2c.o
      2604        600        340         32         64     416109   main.o
        64         26        236          0       1536        780   startup_stm32f103xb.o
       164         28          0         12          0       5653   stm32f1xx_hal.o
       198         14          0          0          0      28799   stm32f1xx_hal_cortex.o
       524         40          0          0          0       3954   stm32f1xx_hal_gpio.o
      2750         66          0          0          0      14557   stm32f1xx_hal_i2c.o
        60          8          0          0          0        814   stm32f1xx_hal_msp.o
      1240         84         18          0          0       4924   stm32f1xx_hal_rcc.o
       812          6          0          0          0       5535   stm32f1xx_hal_uart.o
        26          0          0          0          0       3993   stm32f1xx_it.o
         2          0         24          4          0       1023   system_stm32f1xx.o
       284         32          0          0        144       2187   usart.o

    ----------------------------------------------------------------------
      9102        946        650         48       1828     490752   Object Totals
         0          0         32          0          0          0   (incl. Generated)
        10          0          0          0          0          0   (incl. Padding)

    ----------------------------------------------------------------------

      Code (inc. data)   RO Data    RW Data    ZI Data      Debug   Library Member Name

        56          6          0          0          0         88   __2snprintf.o
         8          0          0          0          0         68   __main.o
       392          4         17          0          0         92   __printf_flags_ss_wp.o
        14          0          0          0          0         68   __printf_wp.o
         0          0          0          0          0          0   __rtentry.o
        12          0          0          0          0          0   __rtentry2.o
         6          0          0          0          0          0   __rtentry4.o
        52          8          0          0          0          0   __scatter.o
        26          0          0          0          0          0   __scatter_copy.o
        28          0          0          0          0          0   __scatter_zi.o
         6          0          0          0          0          0   _printf_a.o
         6          0          0          0          0          0   _printf_c.o
        44          0          0          0          0        108   _printf_char.o
        48          6          0          0          0         96   _printf_char_common.o
        40          0          0          0          0         68   _printf_charcount.o
         6          0          0          0          0          0   _printf_d.o
       120         16          0          0          0         92   _printf_dec.o
         6          0          0          0          0          0   _printf_e.o
         6          0          0          0          0          0   _printf_f.o
      1054          0          0          0          0        216   _printf_fp_dec.o
       764          8         38          0          0        100   _printf_fp_hex.o
       128         16          0          0          0         84   _printf_fp_infnan.o
         6          0          0          0          0          0   _printf_g.o
       148          4         40          0          0        160   _printf_hex_int_ll_ptr.o
         6          0          0          0          0          0   _printf_i.o
       178          0          0          0          0         88   _printf_intcommon.o
        10          0          0          0          0          0   _printf_l.o
         6          0          0          0          0          0   _printf_lc.o
        10          0          0          0          0          0   _printf_ll.o
         6          0          0          0          0          0   _printf_lld.o
         6          0          0          0          0          0   _printf_lli.o
         6          0          0          0          0          0   _printf_llo.o
         6          0          0          0          0          0   _printf_llu.o
         6          0          0          0          0          0   _printf_llx.o
       124         16          0          0          0         92   _printf_longlong_dec.o
         6          0          0          0          0          0   _printf_ls.o
         6          0          0          0          0          0   _printf_n.o
         6          0          0          0          0          0   _printf_o.o
       112         10          0          0          0        124   _printf_oct_int_ll.o
         6          0          0          0          0          0   _printf_p.o
        78          0          0          0          0        108   _printf_pad.o
         0          0          0          0          0          0   _printf_percent.o
         4          0          0          0          0          0   _printf_percent_end.o
         6          0          0          0          0          0   _printf_s.o
        82          0          0          0          0         80   _printf_str.o
        36          0          0          0          0         84   _printf_truncate.o
         6          0          0          0          0          0   _printf_u.o
        44          0          0          0          0        108   _printf_wchar.o
       188          6          8          0          0         92   _printf_wctomb.o
         6          0          0          0          0          0   _printf_x.o
        16          0          0          0          0         68   _snputc.o
        10          0          0          0          0         68   _sputc.o
        64          0          0          0          0         92   _wcrtomb.o
       228          4        148          0          0         96   bigflt0.o
      1936        128          0          0          0        672   btod.o
        18          0          0          0          0         80   exit.o
         6          0          0          0          0        152   heapauxi.o
         0          0          0          0          0          0   indicate_semi.o
        44         10        272          0          0         76   lc_ctype_c.o
        44         10         28          0          0         76   lc_numeric_c.o
         2          0          0          0          0          0   libinit.o
        30          0          0          0          0          0   libinit2.o
         2          0          0          0          0          0   libshutdown.o
         2          0          0          0          0          0   libshutdown2.o
         8          4          0          0         96         68   libspace.o
        72          0          0          0          0         76   llsdiv.o
       138          0          0          0          0         80   lludiv10.o
       238          0          0          0          0        100   lludivv7m.o
        16          4          0          0          0         76   rt_ctype_table.o
         8          4          0          0          0         68   rt_locale_intlibspace.o
        78          0          0          0          0         80   rt_memclr_w.o
         2          0          0          0          0          0   rtexit.o
        10          0          0          0          0          0   rtexit2.o
       128          0          0          0          0         68   strcmpv7m.o
        12          4          0          0          0         68   sys_exit.o
        74          0          0          0          0         80   sys_stackheap_outer.o
         2          0          0          0          0         68   use_no_semi.o
        52          4          0          0          0         80   vsnprintf.o
        12          0          0          0          0         68   dretinf.o
        86          4          0          0          0         84   f2d.o
       430          8          0          0          0        168   faddsub_clz.o
        12          4          0          0          0         68   fcheck1.o
       388         76          0          0          0         96   fdiv.o
        86          0          0          0          0        136   fflt_clz.o
       258          4          0          0          0         84   fmul.o
       140          4          0          0          0         84   fnaninf.o
        10          0          0          0          0         68   fretinf.o
         4          0          0          0          0         68   printf1.o
         4          0          0          0          0         68   printf2.o
       100          0          0          0          0         68   retnan.o
        76          0          0          0          0         68   scalbnf.o
        48          0          0          0          0         68   trapv.o
         0          0          0          0          0          0   usenofp.o
        40          0          0          0          0         68   fpclassify.o

    ----------------------------------------------------------------------
      8882        372        554          0        100       5572   Library Totals
        22          0          3          0          4          0   (incl. Padding)

    ----------------------------------------------------------------------

      Code (inc. data)   RO Data    RW Data    ZI Data      Debug   Library Name

      7166        272        551          0         96       4308   c_w.l
      1654        100          0          0          0       1196   fz_ws.l
        40          0          0          0          0         68   m_ws.l

    ----------------------------------------------------------------------
      8882        372        554          0        100       5572   Library Totals

    ----------------------------------------------------------------------

==============================================================================


      Code (inc. data)   RO Data    RW Data    ZI Data      Debug   

     17984       1318       1204         48       1928     489560   Grand Totals
     17984       1318       1204         48       1928     489560   ELF Image Totals
     17984       1318       1204         48          0          0   ROM Totals

==============================================================================

    Total RO  Size (Code + RO Data)                19188 (  18.74kB)
    Total RW  Size (RW Data + ZI Data)              1976 (   1.93kB)
    Total ROM Size (Code + RO Data + RW Data)      19236 (  18.79kB)

==============================================================================

